Archive member included because of file (symbol)

c:/program files (x86)/atmel/studio/7.0/toolchain/arm/arm-gnu-toolchain/bin/../lib/gcc/arm-none-eabi/4.9.3/../../../../arm-none-eabi/lib/armv7e-m\libc.a(lib_a-exit.o)
                              c:/program files (x86)/atmel/studio/7.0/toolchain/arm/arm-gnu-toolchain/bin/../lib/gcc/arm-none-eabi/4.9.3/../../../../arm-none-eabi/lib/armv7e-m/crt0.o (exit)
c:/program files (x86)/atmel/studio/7.0/toolchain/arm/arm-gnu-toolchain/bin/../lib/gcc/arm-none-eabi/4.9.3/../../../../arm-none-eabi/lib/armv7e-m\libc.a(lib_a-impure.o)
                              c:/program files (x86)/atmel/studio/7.0/toolchain/arm/arm-gnu-toolchain/bin/../lib/gcc/arm-none-eabi/4.9.3/../../../../arm-none-eabi/lib/armv7e-m\libc.a(lib_a-exit.o) (_global_impure_ptr)
c:/program files (x86)/atmel/studio/7.0/toolchain/arm/arm-gnu-toolchain/bin/../lib/gcc/arm-none-eabi/4.9.3/../../../../arm-none-eabi/lib/armv7e-m\libc.a(lib_a-init.o)
                              c:/program files (x86)/atmel/studio/7.0/toolchain/arm/arm-gnu-toolchain/bin/../lib/gcc/arm-none-eabi/4.9.3/../../../../arm-none-eabi/lib/armv7e-m/crt0.o (__libc_init_array)
c:/program files (x86)/atmel/studio/7.0/toolchain/arm/arm-gnu-toolchain/bin/../lib/gcc/arm-none-eabi/4.9.3/../../../../arm-none-eabi/lib/armv7e-m\libc.a(lib_a-memset.o)
                              c:/program files (x86)/atmel/studio/7.0/toolchain/arm/arm-gnu-toolchain/bin/../lib/gcc/arm-none-eabi/4.9.3/../../../../arm-none-eabi/lib/armv7e-m/crt0.o (memset)
c:/program files (x86)/atmel/studio/7.0/toolchain/arm/arm-gnu-toolchain/bin/../lib/gcc/arm-none-eabi/4.9.3/../../../../arm-none-eabi/lib/armv7e-m\libc.a(lib_a-__call_atexit.o)
                              c:/program files (x86)/atmel/studio/7.0/toolchain/arm/arm-gnu-toolchain/bin/../lib/gcc/arm-none-eabi/4.9.3/../../../../arm-none-eabi/lib/armv7e-m\libc.a(lib_a-exit.o) (__call_exitprocs)
c:/program files (x86)/atmel/studio/7.0/toolchain/arm/arm-gnu-toolchain/bin/../lib/gcc/arm-none-eabi/4.9.3/../../../../arm-none-eabi/lib/armv7e-m\libc.a(lib_a-atexit.o)
                              c:/program files (x86)/atmel/studio/7.0/toolchain/arm/arm-gnu-toolchain/bin/../lib/gcc/arm-none-eabi/4.9.3/../../../../arm-none-eabi/lib/armv7e-m\libc.a(lib_a-__call_atexit.o) (atexit)
c:/program files (x86)/atmel/studio/7.0/toolchain/arm/arm-gnu-toolchain/bin/../lib/gcc/arm-none-eabi/4.9.3/../../../../arm-none-eabi/lib/armv7e-m\libc.a(lib_a-fini.o)
                              c:/program files (x86)/atmel/studio/7.0/toolchain/arm/arm-gnu-toolchain/bin/../lib/gcc/arm-none-eabi/4.9.3/../../../../arm-none-eabi/lib/armv7e-m\libc.a(lib_a-__call_atexit.o) (__libc_fini_array)
c:/program files (x86)/atmel/studio/7.0/toolchain/arm/arm-gnu-toolchain/bin/../lib/gcc/arm-none-eabi/4.9.3/../../../../arm-none-eabi/lib/armv7e-m\libc.a(lib_a-__atexit.o)
                              c:/program files (x86)/atmel/studio/7.0/toolchain/arm/arm-gnu-toolchain/bin/../lib/gcc/arm-none-eabi/4.9.3/../../../../arm-none-eabi/lib/armv7e-m\libc.a(lib_a-atexit.o) (__register_exitproc)

Discarded input sections

 .text          0x00000000        0x0 c:/program files (x86)/atmel/studio/7.0/toolchain/arm/arm-gnu-toolchain/bin/../lib/gcc/arm-none-eabi/4.9.3/armv7e-m/crti.o
 .data          0x00000000        0x0 c:/program files (x86)/atmel/studio/7.0/toolchain/arm/arm-gnu-toolchain/bin/../lib/gcc/arm-none-eabi/4.9.3/armv7e-m/crti.o
 .bss           0x00000000        0x0 c:/program files (x86)/atmel/studio/7.0/toolchain/arm/arm-gnu-toolchain/bin/../lib/gcc/arm-none-eabi/4.9.3/armv7e-m/crti.o
 .data          0x00000000        0x4 c:/program files (x86)/atmel/studio/7.0/toolchain/arm/arm-gnu-toolchain/bin/../lib/gcc/arm-none-eabi/4.9.3/armv7e-m/crtbegin.o
 .text          0x00000000       0x74 c:/program files (x86)/atmel/studio/7.0/toolchain/arm/arm-gnu-toolchain/bin/../lib/gcc/arm-none-eabi/4.9.3/../../../../arm-none-eabi/lib/armv7e-m/crt0.o
 .data          0x00000000        0x0 c:/program files (x86)/atmel/studio/7.0/toolchain/arm/arm-gnu-toolchain/bin/../lib/gcc/arm-none-eabi/4.9.3/../../../../arm-none-eabi/lib/armv7e-m/crt0.o
 .bss           0x00000000        0x0 c:/program files (x86)/atmel/studio/7.0/toolchain/arm/arm-gnu-toolchain/bin/../lib/gcc/arm-none-eabi/4.9.3/../../../../arm-none-eabi/lib/armv7e-m/crt0.o
 .ARM.extab     0x00000000        0x0 c:/program files (x86)/atmel/studio/7.0/toolchain/arm/arm-gnu-toolchain/bin/../lib/gcc/arm-none-eabi/4.9.3/../../../../arm-none-eabi/lib/armv7e-m/crt0.o
 .ARM.exidx     0x00000000        0x8 c:/program files (x86)/atmel/studio/7.0/toolchain/arm/arm-gnu-toolchain/bin/../lib/gcc/arm-none-eabi/4.9.3/../../../../arm-none-eabi/lib/armv7e-m/crt0.o
 .ARM.attributes
                0x00000000       0x1c c:/program files (x86)/atmel/studio/7.0/toolchain/arm/arm-gnu-toolchain/bin/../lib/gcc/arm-none-eabi/4.9.3/../../../../arm-none-eabi/lib/armv7e-m/crt0.o
 .group         0x00000000        0x8 Device_Startup/startup_samg55.o
 .group         0x00000000        0x8 Device_Startup/startup_samg55.o
 .group         0x00000000        0x8 Device_Startup/startup_samg55.o
 .group         0x00000000        0x8 Device_Startup/startup_samg55.o
 .group         0x00000000        0x8 Device_Startup/startup_samg55.o
 .group         0x00000000        0x8 Device_Startup/startup_samg55.o
 .group         0x00000000        0x8 Device_Startup/startup_samg55.o
 .group         0x00000000        0x8 Device_Startup/startup_samg55.o
 .group         0x00000000        0x8 Device_Startup/startup_samg55.o
 .group         0x00000000        0x8 Device_Startup/startup_samg55.o
 .group         0x00000000        0x8 Device_Startup/startup_samg55.o
 .group         0x00000000        0x8 Device_Startup/startup_samg55.o
 .group         0x00000000        0x8 Device_Startup/startup_samg55.o
 .group         0x00000000        0x8 Device_Startup/startup_samg55.o
 .group         0x00000000        0x8 Device_Startup/startup_samg55.o
 .group         0x00000000        0x8 Device_Startup/startup_samg55.o
 .group         0x00000000        0x8 Device_Startup/startup_samg55.o
 .group         0x00000000        0x8 Device_Startup/startup_samg55.o
 .group         0x00000000        0x8 Device_Startup/startup_samg55.o
 .group         0x00000000        0x8 Device_Startup/startup_samg55.o
 .group         0x00000000        0x8 Device_Startup/startup_samg55.o
 .group         0x00000000        0x8 Device_Startup/startup_samg55.o
 .group         0x00000000        0x8 Device_Startup/startup_samg55.o
 .group         0x00000000        0x8 Device_Startup/startup_samg55.o
 .group         0x00000000        0x8 Device_Startup/startup_samg55.o
 .group         0x00000000        0x8 Device_Startup/startup_samg55.o
 .group         0x00000000        0x8 Device_Startup/startup_samg55.o
 .group         0x00000000        0x8 Device_Startup/startup_samg55.o
 .group         0x00000000        0x8 Device_Startup/startup_samg55.o
 .group         0x00000000        0x8 Device_Startup/startup_samg55.o
 .group         0x00000000        0x8 Device_Startup/startup_samg55.o
 .group         0x00000000        0x8 Device_Startup/startup_samg55.o
 .group         0x00000000        0x8 Device_Startup/startup_samg55.o
 .group         0x00000000        0x8 Device_Startup/startup_samg55.o
 .group         0x00000000        0x8 Device_Startup/startup_samg55.o
 .group         0x00000000        0x8 Device_Startup/startup_samg55.o
 .group         0x00000000        0x8 Device_Startup/startup_samg55.o
 .group         0x00000000        0x8 Device_Startup/startup_samg55.o
 .group         0x00000000        0x8 Device_Startup/startup_samg55.o
 .group         0x00000000        0x8 Device_Startup/startup_samg55.o
 .group         0x00000000        0x8 Device_Startup/startup_samg55.o
 .group         0x00000000        0x8 Device_Startup/startup_samg55.o
 .group         0x00000000        0x8 Device_Startup/startup_samg55.o
 .group         0x00000000        0x8 Device_Startup/startup_samg55.o
 .group         0x00000000        0x8 Device_Startup/startup_samg55.o
 .group         0x00000000        0x8 Device_Startup/startup_samg55.o
 .group         0x00000000        0x8 Device_Startup/startup_samg55.o
 .group         0x00000000        0x8 Device_Startup/startup_samg55.o
 .group         0x00000000        0x8 Device_Startup/startup_samg55.o
 .group         0x00000000        0x8 Device_Startup/startup_samg55.o
 .group         0x00000000        0x8 Device_Startup/startup_samg55.o
 .group         0x00000000        0x8 Device_Startup/startup_samg55.o
 .group         0x00000000        0x8 Device_Startup/startup_samg55.o
 .group         0x00000000        0x8 Device_Startup/startup_samg55.o
 .group         0x00000000        0x8 Device_Startup/startup_samg55.o
 .group         0x00000000        0x8 Device_Startup/startup_samg55.o
 .group         0x00000000        0x8 Device_Startup/startup_samg55.o
 .group         0x00000000        0x8 Device_Startup/startup_samg55.o
 .group         0x00000000        0x8 Device_Startup/startup_samg55.o
 .group         0x00000000        0x8 Device_Startup/startup_samg55.o
 .group         0x00000000        0x8 Device_Startup/startup_samg55.o
 .group         0x00000000        0x8 Device_Startup/startup_samg55.o
 .group         0x00000000        0x8 Device_Startup/startup_samg55.o
 .group         0x00000000        0x8 Device_Startup/startup_samg55.o
 .group         0x00000000        0x8 Device_Startup/startup_samg55.o
 .group         0x00000000        0x8 Device_Startup/startup_samg55.o
 .group         0x00000000        0x8 Device_Startup/startup_samg55.o
 .group         0x00000000        0x8 Device_Startup/startup_samg55.o
 .group         0x00000000        0x8 Device_Startup/startup_samg55.o
 .group         0x00000000        0x8 Device_Startup/startup_samg55.o
 .group         0x00000000        0x8 Device_Startup/startup_samg55.o
 .group         0x00000000        0x8 Device_Startup/startup_samg55.o
 .group         0x00000000        0x8 Device_Startup/startup_samg55.o
 .group         0x00000000        0x8 Device_Startup/startup_samg55.o
 .group         0x00000000        0x8 Device_Startup/startup_samg55.o
 .group         0x00000000        0x8 Device_Startup/startup_samg55.o
 .group         0x00000000        0x8 Device_Startup/startup_samg55.o
 .group         0x00000000        0x8 Device_Startup/startup_samg55.o
 .group         0x00000000        0x8 Device_Startup/startup_samg55.o
 .group         0x00000000        0x8 Device_Startup/startup_samg55.o
 .group         0x00000000        0x8 Device_Startup/startup_samg55.o
 .group         0x00000000        0x8 Device_Startup/startup_samg55.o
 .group         0x00000000        0x8 Device_Startup/startup_samg55.o
 .group         0x00000000        0x8 Device_Startup/startup_samg55.o
 .group         0x00000000        0x8 Device_Startup/startup_samg55.o
 .group         0x00000000        0x8 Device_Startup/startup_samg55.o
 .group         0x00000000        0x8 Device_Startup/startup_samg55.o
 .group         0x00000000        0x8 Device_Startup/startup_samg55.o
 .group         0x00000000        0x8 Device_Startup/startup_samg55.o
 .group         0x00000000        0x8 Device_Startup/startup_samg55.o
 .group         0x00000000        0x8 Device_Startup/startup_samg55.o
 .group         0x00000000        0x8 Device_Startup/startup_samg55.o
 .group         0x00000000        0x8 Device_Startup/startup_samg55.o
 .group         0x00000000        0x8 Device_Startup/startup_samg55.o
 .group         0x00000000        0x8 Device_Startup/startup_samg55.o
 .text          0x00000000        0x0 Device_Startup/startup_samg55.o
 .data          0x00000000        0x0 Device_Startup/startup_samg55.o
 .bss           0x00000000        0x0 Device_Startup/startup_samg55.o
 .group         0x00000000        0x8 Device_Startup/system_samg55.o
 .group         0x00000000        0x8 Device_Startup/system_samg55.o
 .group         0x00000000        0x8 Device_Startup/system_samg55.o
 .group         0x00000000        0x8 Device_Startup/system_samg55.o
 .group         0x00000000        0x8 Device_Startup/system_samg55.o
 .group         0x00000000        0x8 Device_Startup/system_samg55.o
 .group         0x00000000        0x8 Device_Startup/system_samg55.o
 .group         0x00000000        0x8 Device_Startup/system_samg55.o
 .group         0x00000000        0x8 Device_Startup/system_samg55.o
 .group         0x00000000        0x8 Device_Startup/system_samg55.o
 .group         0x00000000        0x8 Device_Startup/system_samg55.o
 .group         0x00000000        0x8 Device_Startup/system_samg55.o
 .group         0x00000000        0x8 Device_Startup/system_samg55.o
 .group         0x00000000        0x8 Device_Startup/system_samg55.o
 .group         0x00000000        0x8 Device_Startup/system_samg55.o
 .group         0x00000000        0x8 Device_Startup/system_samg55.o
 .group         0x00000000        0x8 Device_Startup/system_samg55.o
 .group         0x00000000        0x8 Device_Startup/system_samg55.o
 .group         0x00000000        0x8 Device_Startup/system_samg55.o
 .group         0x00000000        0x8 Device_Startup/system_samg55.o
 .group         0x00000000        0x8 Device_Startup/system_samg55.o
 .group         0x00000000        0x8 Device_Startup/system_samg55.o
 .group         0x00000000        0x8 Device_Startup/system_samg55.o
 .group         0x00000000        0x8 Device_Startup/system_samg55.o
 .group         0x00000000        0x8 Device_Startup/system_samg55.o
 .group         0x00000000        0x8 Device_Startup/system_samg55.o
 .group         0x00000000        0x8 Device_Startup/system_samg55.o
 .group         0x00000000        0x8 Device_Startup/system_samg55.o
 .group         0x00000000        0x8 Device_Startup/system_samg55.o
 .group         0x00000000        0x8 Device_Startup/system_samg55.o
 .group         0x00000000        0x8 Device_Startup/system_samg55.o
 .group         0x00000000        0x8 Device_Startup/system_samg55.o
 .group         0x00000000        0x8 Device_Startup/system_samg55.o
 .group         0x00000000        0x8 Device_Startup/system_samg55.o
 .group         0x00000000        0x8 Device_Startup/system_samg55.o
 .group         0x00000000        0x8 Device_Startup/system_samg55.o
 .group         0x00000000        0x8 Device_Startup/system_samg55.o
 .group         0x00000000        0x8 Device_Startup/system_samg55.o
 .group         0x00000000        0x8 Device_Startup/system_samg55.o
 .group         0x00000000        0x8 Device_Startup/system_samg55.o
 .group         0x00000000        0x8 Device_Startup/system_samg55.o
 .group         0x00000000        0x8 Device_Startup/system_samg55.o
 .group         0x00000000        0x8 Device_Startup/system_samg55.o
 .group         0x00000000        0x8 Device_Startup/system_samg55.o
 .group         0x00000000        0x8 Device_Startup/system_samg55.o
 .group         0x00000000        0x8 Device_Startup/system_samg55.o
 .group         0x00000000        0x8 Device_Startup/system_samg55.o
 .group         0x00000000        0x8 Device_Startup/system_samg55.o
 .group         0x00000000        0x8 Device_Startup/system_samg55.o
 .group         0x00000000        0x8 Device_Startup/system_samg55.o
 .group         0x00000000        0x8 Device_Startup/system_samg55.o
 .group         0x00000000        0x8 Device_Startup/system_samg55.o
 .group         0x00000000        0x8 Device_Startup/system_samg55.o
 .group         0x00000000        0x8 Device_Startup/system_samg55.o
 .group         0x00000000        0x8 Device_Startup/system_samg55.o
 .group         0x00000000        0x8 Device_Startup/system_samg55.o
 .group         0x00000000        0x8 Device_Startup/system_samg55.o
 .group         0x00000000        0x8 Device_Startup/system_samg55.o
 .group         0x00000000        0x8 Device_Startup/system_samg55.o
 .group         0x00000000        0x8 Device_Startup/system_samg55.o
 .group         0x00000000        0x8 Device_Startup/system_samg55.o
 .group         0x00000000        0x8 Device_Startup/system_samg55.o
 .group         0x00000000        0x8 Device_Startup/system_samg55.o
 .group         0x00000000        0x8 Device_Startup/system_samg55.o
 .group         0x00000000        0x8 Device_Startup/system_samg55.o
 .group         0x00000000        0x8 Device_Startup/system_samg55.o
 .group         0x00000000        0x8 Device_Startup/system_samg55.o
 .group         0x00000000        0x8 Device_Startup/system_samg55.o
 .group         0x00000000        0x8 Device_Startup/system_samg55.o
 .group         0x00000000        0x8 Device_Startup/system_samg55.o
 .group         0x00000000        0x8 Device_Startup/system_samg55.o
 .group         0x00000000        0x8 Device_Startup/system_samg55.o
 .group         0x00000000        0x8 Device_Startup/system_samg55.o
 .group         0x00000000        0x8 Device_Startup/system_samg55.o
 .group         0x00000000        0x8 Device_Startup/system_samg55.o
 .group         0x00000000        0x8 Device_Startup/system_samg55.o
 .group         0x00000000        0x8 Device_Startup/system_samg55.o
 .group         0x00000000        0x8 Device_Startup/system_samg55.o
 .group         0x00000000        0x8 Device_Startup/system_samg55.o
 .group         0x00000000        0x8 Device_Startup/system_samg55.o
 .group         0x00000000        0x8 Device_Startup/system_samg55.o
 .group         0x00000000        0x8 Device_Startup/system_samg55.o
 .group         0x00000000        0x8 Device_Startup/system_samg55.o
 .group         0x00000000        0x8 Device_Startup/system_samg55.o
 .group         0x00000000        0x8 Device_Startup/system_samg55.o
 .group         0x00000000        0x8 Device_Startup/system_samg55.o
 .group         0x00000000        0x8 Device_Startup/system_samg55.o
 .group         0x00000000        0x8 Device_Startup/system_samg55.o
 .group         0x00000000        0x8 Device_Startup/system_samg55.o
 .group         0x00000000        0x8 Device_Startup/system_samg55.o
 .group         0x00000000        0x8 Device_Startup/system_samg55.o
 .group         0x00000000        0x8 Device_Startup/system_samg55.o
 .group         0x00000000        0x8 Device_Startup/system_samg55.o
 .group         0x00000000        0x8 Device_Startup/system_samg55.o
 .group         0x00000000        0x8 Device_Startup/system_samg55.o
 .text          0x00000000        0x0 Device_Startup/system_samg55.o
 .data          0x00000000        0x4 Device_Startup/system_samg55.o
 .bss           0x00000000        0x0 Device_Startup/system_samg55.o
 .text.SystemCoreClockUpdate
                0x00000000      0x154 Device_Startup/system_samg55.o
 .text.system_init_flash
                0x00000000       0xdc Device_Startup/system_samg55.o
 .debug_macro   0x00000000      0x880 Device_Startup/system_samg55.o
 .debug_macro   0x00000000       0x22 Device_Startup/system_samg55.o
 .debug_macro   0x00000000       0x44 Device_Startup/system_samg55.o
 .debug_macro   0x00000000       0x58 Device_Startup/system_samg55.o
 .debug_macro   0x00000000       0x22 Device_Startup/system_samg55.o
 .debug_macro   0x00000000      0x1df Device_Startup/system_samg55.o
 .debug_macro   0x00000000       0x27 Device_Startup/system_samg55.o
 .debug_macro   0x00000000       0x3b Device_Startup/system_samg55.o
 .debug_macro   0x00000000       0x2d Device_Startup/system_samg55.o
 .debug_macro   0x00000000       0x26 Device_Startup/system_samg55.o
 .debug_macro   0x00000000      0xd39 Device_Startup/system_samg55.o
 .debug_macro   0x00000000      0x7d0 Device_Startup/system_samg55.o
 .debug_macro   0x00000000      0x19c Device_Startup/system_samg55.o
 .debug_macro   0x00000000      0x148 Device_Startup/system_samg55.o
 .debug_macro   0x00000000       0xc4 Device_Startup/system_samg55.o
 .debug_macro   0x00000000      0x130 Device_Startup/system_samg55.o
 .debug_macro   0x00000000       0x52 Device_Startup/system_samg55.o
 .debug_macro   0x00000000       0x1c Device_Startup/system_samg55.o
 .debug_macro   0x00000000      0x3be Device_Startup/system_samg55.o
 .debug_macro   0x00000000      0x24d Device_Startup/system_samg55.o
 .debug_macro   0x00000000      0x158 Device_Startup/system_samg55.o
 .debug_macro   0x00000000       0xee Device_Startup/system_samg55.o
 .debug_macro   0x00000000      0x207 Device_Startup/system_samg55.o
 .debug_macro   0x00000000     0x2880 Device_Startup/system_samg55.o
 .debug_macro   0x00000000      0xb41 Device_Startup/system_samg55.o
 .debug_macro   0x00000000       0xb2 Device_Startup/system_samg55.o
 .debug_macro   0x00000000      0x397 Device_Startup/system_samg55.o
 .debug_macro   0x00000000       0xfa Device_Startup/system_samg55.o
 .debug_macro   0x00000000      0x436 Device_Startup/system_samg55.o
 .debug_macro   0x00000000      0x7da Device_Startup/system_samg55.o
 .debug_macro   0x00000000      0x689 Device_Startup/system_samg55.o
 .debug_macro   0x00000000      0x64e Device_Startup/system_samg55.o
 .debug_macro   0x00000000      0x28b Device_Startup/system_samg55.o
 .debug_macro   0x00000000      0x3d3 Device_Startup/system_samg55.o
 .debug_macro   0x00000000      0x81e Device_Startup/system_samg55.o
 .debug_macro   0x00000000       0x7c Device_Startup/system_samg55.o
 .debug_macro   0x00000000       0x82 Device_Startup/system_samg55.o
 .debug_macro   0x00000000       0x82 Device_Startup/system_samg55.o
 .debug_macro   0x00000000       0x1c Device_Startup/system_samg55.o
 .debug_macro   0x00000000       0xbe Device_Startup/system_samg55.o
 .debug_macro   0x00000000       0x8e Device_Startup/system_samg55.o
 .debug_macro   0x00000000       0xac Device_Startup/system_samg55.o
 .debug_macro   0x00000000       0x1c Device_Startup/system_samg55.o
 .debug_macro   0x00000000       0xbe Device_Startup/system_samg55.o
 .debug_macro   0x00000000       0x8e Device_Startup/system_samg55.o
 .debug_macro   0x00000000       0xac Device_Startup/system_samg55.o
 .debug_macro   0x00000000      0x118 Device_Startup/system_samg55.o
 .debug_macro   0x00000000       0xf4 Device_Startup/system_samg55.o
 .debug_macro   0x00000000       0x1c Device_Startup/system_samg55.o
 .debug_macro   0x00000000       0xbe Device_Startup/system_samg55.o
 .debug_macro   0x00000000       0x8e Device_Startup/system_samg55.o
 .debug_macro   0x00000000       0xac Device_Startup/system_samg55.o
 .debug_macro   0x00000000       0x1c Device_Startup/system_samg55.o
 .debug_macro   0x00000000       0xbe Device_Startup/system_samg55.o
 .debug_macro   0x00000000       0x8e Device_Startup/system_samg55.o
 .debug_macro   0x00000000       0xac Device_Startup/system_samg55.o
 .debug_macro   0x00000000       0x1c Device_Startup/system_samg55.o
 .debug_macro   0x00000000       0xbe Device_Startup/system_samg55.o
 .debug_macro   0x00000000       0x8e Device_Startup/system_samg55.o
 .debug_macro   0x00000000       0xac Device_Startup/system_samg55.o
 .debug_macro   0x00000000       0x1c Device_Startup/system_samg55.o
 .debug_macro   0x00000000       0xbe Device_Startup/system_samg55.o
 .debug_macro   0x00000000       0x8e Device_Startup/system_samg55.o
 .debug_macro   0x00000000       0xac Device_Startup/system_samg55.o
 .debug_macro   0x00000000       0x6a Device_Startup/system_samg55.o
 .debug_macro   0x00000000       0x70 Device_Startup/system_samg55.o
 .debug_macro   0x00000000       0x70 Device_Startup/system_samg55.o
 .debug_macro   0x00000000       0x1c Device_Startup/system_samg55.o
 .debug_macro   0x00000000       0xbe Device_Startup/system_samg55.o
 .debug_macro   0x00000000       0x8e Device_Startup/system_samg55.o
 .debug_macro   0x00000000       0xac Device_Startup/system_samg55.o
 .debug_macro   0x00000000       0xac Device_Startup/system_samg55.o
 .debug_macro   0x00000000       0x46 Device_Startup/system_samg55.o
 .debug_macro   0x00000000       0x1c Device_Startup/system_samg55.o
 .debug_macro   0x00000000       0xbe Device_Startup/system_samg55.o
 .debug_macro   0x00000000       0x8e Device_Startup/system_samg55.o
 .debug_macro   0x00000000       0xac Device_Startup/system_samg55.o
 .debug_macro   0x00000000       0x52 Device_Startup/system_samg55.o
 .debug_macro   0x00000000       0x64 Device_Startup/system_samg55.o
 .debug_macro   0x00000000       0x8e Device_Startup/system_samg55.o
 .debug_macro   0x00000000       0x52 Device_Startup/system_samg55.o
 .debug_macro   0x00000000       0xca Device_Startup/system_samg55.o
 .debug_macro   0x00000000       0x16 Device_Startup/system_samg55.o
 .debug_macro   0x00000000       0x28 Device_Startup/system_samg55.o
 .debug_macro   0x00000000      0x126 Device_Startup/system_samg55.o
 .debug_macro   0x00000000      0x126 Device_Startup/system_samg55.o
 .debug_macro   0x00000000       0x1c Device_Startup/system_samg55.o
 .debug_macro   0x00000000       0x34 Device_Startup/system_samg55.o
 .debug_macro   0x00000000       0x28 Device_Startup/system_samg55.o
 .debug_macro   0x00000000       0x1c Device_Startup/system_samg55.o
 .debug_macro   0x00000000       0x5e Device_Startup/system_samg55.o
 .debug_macro   0x00000000       0x10 Device_Startup/system_samg55.o
 .debug_macro   0x00000000      0x353 Device_Startup/system_samg55.o
 .debug_macro   0x00000000      0xb42 Device_Startup/system_samg55.o
 .debug_macro   0x00000000       0xdd Device_Startup/system_samg55.o
 .group         0x00000000        0x8 main.o
 .group         0x00000000        0x8 main.o
 .group         0x00000000        0x8 main.o
 .group         0x00000000        0x8 main.o
 .group         0x00000000        0x8 main.o
 .group         0x00000000        0x8 main.o
 .group         0x00000000        0x8 main.o
 .group         0x00000000        0x8 main.o
 .group         0x00000000        0x8 main.o
 .group         0x00000000        0x8 main.o
 .group         0x00000000        0x8 main.o
 .group         0x00000000        0x8 main.o
 .group         0x00000000        0x8 main.o
 .group         0x00000000        0x8 main.o
 .group         0x00000000        0x8 main.o
 .group         0x00000000        0x8 main.o
 .group         0x00000000        0x8 main.o
 .group         0x00000000        0x8 main.o
 .group         0x00000000        0x8 main.o
 .group         0x00000000        0x8 main.o
 .group         0x00000000        0x8 main.o
 .group         0x00000000        0x8 main.o
 .group         0x00000000        0x8 main.o
 .group         0x00000000        0x8 main.o
 .group         0x00000000        0x8 main.o
 .group         0x00000000        0x8 main.o
 .group         0x00000000        0x8 main.o
 .group         0x00000000        0x8 main.o
 .group         0x00000000        0x8 main.o
 .group         0x00000000        0x8 main.o
 .group         0x00000000        0x8 main.o
 .group         0x00000000        0x8 main.o
 .group         0x00000000        0x8 main.o
 .group         0x00000000        0x8 main.o
 .group         0x00000000        0x8 main.o
 .group         0x00000000        0x8 main.o
 .group         0x00000000        0x8 main.o
 .group         0x00000000        0x8 main.o
 .group         0x00000000        0x8 main.o
 .group         0x00000000        0x8 main.o
 .group         0x00000000        0x8 main.o
 .group         0x00000000        0x8 main.o
 .group         0x00000000        0x8 main.o
 .group         0x00000000        0x8 main.o
 .group         0x00000000        0x8 main.o
 .group         0x00000000        0x8 main.o
 .group         0x00000000        0x8 main.o
 .group         0x00000000        0x8 main.o
 .group         0x00000000        0x8 main.o
 .group         0x00000000        0x8 main.o
 .group         0x00000000        0x8 main.o
 .group         0x00000000        0x8 main.o
 .group         0x00000000        0x8 main.o
 .group         0x00000000        0x8 main.o
 .group         0x00000000        0x8 main.o
 .group         0x00000000        0x8 main.o
 .group         0x00000000        0x8 main.o
 .group         0x00000000        0x8 main.o
 .group         0x00000000        0x8 main.o
 .group         0x00000000        0x8 main.o
 .group         0x00000000        0x8 main.o
 .group         0x00000000        0x8 main.o
 .group         0x00000000        0x8 main.o
 .group         0x00000000        0x8 main.o
 .group         0x00000000        0x8 main.o
 .group         0x00000000        0x8 main.o
 .group         0x00000000        0x8 main.o
 .group         0x00000000        0x8 main.o
 .group         0x00000000        0x8 main.o
 .group         0x00000000        0x8 main.o
 .group         0x00000000        0x8 main.o
 .group         0x00000000        0x8 main.o
 .group         0x00000000        0x8 main.o
 .group         0x00000000        0x8 main.o
 .group         0x00000000        0x8 main.o
 .group         0x00000000        0x8 main.o
 .group         0x00000000        0x8 main.o
 .group         0x00000000        0x8 main.o
 .group         0x00000000        0x8 main.o
 .group         0x00000000        0x8 main.o
 .group         0x00000000        0x8 main.o
 .group         0x00000000        0x8 main.o
 .group         0x00000000        0x8 main.o
 .group         0x00000000        0x8 main.o
 .group         0x00000000        0x8 main.o
 .group         0x00000000        0x8 main.o
 .group         0x00000000        0x8 main.o
 .group         0x00000000        0x8 main.o
 .group         0x00000000        0x8 main.o
 .group         0x00000000        0x8 main.o
 .group         0x00000000        0x8 main.o
 .group         0x00000000        0x8 main.o
 .group         0x00000000        0x8 main.o
 .group         0x00000000        0x8 main.o
 .group         0x00000000        0x8 main.o
 .text          0x00000000        0x0 main.o
 .data          0x00000000        0x0 main.o
 .debug_macro   0x00000000      0x880 main.o
 .debug_macro   0x00000000       0x22 main.o
 .debug_macro   0x00000000       0x44 main.o
 .debug_macro   0x00000000       0x58 main.o
 .debug_macro   0x00000000       0x22 main.o
 .debug_macro   0x00000000      0x1df main.o
 .debug_macro   0x00000000       0x27 main.o
 .debug_macro   0x00000000       0x3b main.o
 .debug_macro   0x00000000       0x2d main.o
 .debug_macro   0x00000000       0x26 main.o
 .debug_macro   0x00000000      0xd39 main.o
 .debug_macro   0x00000000      0x7d0 main.o
 .debug_macro   0x00000000      0x19c main.o
 .debug_macro   0x00000000      0x148 main.o
 .debug_macro   0x00000000       0xc4 main.o
 .debug_macro   0x00000000      0x130 main.o
 .debug_macro   0x00000000       0x52 main.o
 .debug_macro   0x00000000       0x1c main.o
 .debug_macro   0x00000000      0x3be main.o
 .debug_macro   0x00000000      0x24d main.o
 .debug_macro   0x00000000      0x158 main.o
 .debug_macro   0x00000000       0xee main.o
 .debug_macro   0x00000000      0x207 main.o
 .debug_macro   0x00000000     0x2880 main.o
 .debug_macro   0x00000000      0xb41 main.o
 .debug_macro   0x00000000       0xb2 main.o
 .debug_macro   0x00000000      0x397 main.o
 .debug_macro   0x00000000       0xfa main.o
 .debug_macro   0x00000000      0x436 main.o
 .debug_macro   0x00000000      0x7da main.o
 .debug_macro   0x00000000      0x689 main.o
 .debug_macro   0x00000000      0x64e main.o
 .debug_macro   0x00000000      0x28b main.o
 .debug_macro   0x00000000      0x3d3 main.o
 .debug_macro   0x00000000      0x81e main.o
 .debug_macro   0x00000000       0x7c main.o
 .debug_macro   0x00000000       0x82 main.o
 .debug_macro   0x00000000       0x82 main.o
 .debug_macro   0x00000000       0x1c main.o
 .debug_macro   0x00000000       0xbe main.o
 .debug_macro   0x00000000       0x8e main.o
 .debug_macro   0x00000000       0xac main.o
 .debug_macro   0x00000000       0x1c main.o
 .debug_macro   0x00000000       0xbe main.o
 .debug_macro   0x00000000       0x8e main.o
 .debug_macro   0x00000000       0xac main.o
 .debug_macro   0x00000000      0x118 main.o
 .debug_macro   0x00000000       0xf4 main.o
 .debug_macro   0x00000000       0x1c main.o
 .debug_macro   0x00000000       0xbe main.o
 .debug_macro   0x00000000       0x8e main.o
 .debug_macro   0x00000000       0xac main.o
 .debug_macro   0x00000000       0x1c main.o
 .debug_macro   0x00000000       0xbe main.o
 .debug_macro   0x00000000       0x8e main.o
 .debug_macro   0x00000000       0xac main.o
 .debug_macro   0x00000000       0x1c main.o
 .debug_macro   0x00000000       0xbe main.o
 .debug_macro   0x00000000       0x8e main.o
 .debug_macro   0x00000000       0xac main.o
 .debug_macro   0x00000000       0x1c main.o
 .debug_macro   0x00000000       0xbe main.o
 .debug_macro   0x00000000       0x8e main.o
 .debug_macro   0x00000000       0xac main.o
 .debug_macro   0x00000000       0x6a main.o
 .debug_macro   0x00000000       0x70 main.o
 .debug_macro   0x00000000       0x70 main.o
 .debug_macro   0x00000000       0x1c main.o
 .debug_macro   0x00000000       0xbe main.o
 .debug_macro   0x00000000       0x8e main.o
 .debug_macro   0x00000000       0xac main.o
 .debug_macro   0x00000000       0xac main.o
 .debug_macro   0x00000000       0x46 main.o
 .debug_macro   0x00000000       0x1c main.o
 .debug_macro   0x00000000       0xbe main.o
 .debug_macro   0x00000000       0x8e main.o
 .debug_macro   0x00000000       0xac main.o
 .debug_macro   0x00000000       0x52 main.o
 .debug_macro   0x00000000       0x64 main.o
 .debug_macro   0x00000000       0x8e main.o
 .debug_macro   0x00000000       0x52 main.o
 .debug_macro   0x00000000       0xca main.o
 .debug_macro   0x00000000       0x16 main.o
 .debug_macro   0x00000000       0x28 main.o
 .debug_macro   0x00000000      0x126 main.o
 .debug_macro   0x00000000      0x126 main.o
 .debug_macro   0x00000000       0x1c main.o
 .debug_macro   0x00000000       0x34 main.o
 .debug_macro   0x00000000       0x28 main.o
 .debug_macro   0x00000000       0x1c main.o
 .debug_macro   0x00000000       0x5e main.o
 .debug_macro   0x00000000       0x10 main.o
 .debug_macro   0x00000000      0x353 main.o
 .debug_macro   0x00000000      0xb42 main.o
 .debug_macro   0x00000000       0xdd main.o
 .text          0x00000000        0x0 c:/program files (x86)/atmel/studio/7.0/toolchain/arm/arm-gnu-toolchain/bin/../lib/gcc/arm-none-eabi/4.9.3/../../../../arm-none-eabi/lib/armv7e-m\libc.a(lib_a-exit.o)
 .data          0x00000000        0x0 c:/program files (x86)/atmel/studio/7.0/toolchain/arm/arm-gnu-toolchain/bin/../lib/gcc/arm-none-eabi/4.9.3/../../../../arm-none-eabi/lib/armv7e-m\libc.a(lib_a-exit.o)
 .bss           0x00000000        0x0 c:/program files (x86)/atmel/studio/7.0/toolchain/arm/arm-gnu-toolchain/bin/../lib/gcc/arm-none-eabi/4.9.3/../../../../arm-none-eabi/lib/armv7e-m\libc.a(lib_a-exit.o)
 .text.exit     0x00000000       0x20 c:/program files (x86)/atmel/studio/7.0/toolchain/arm/arm-gnu-toolchain/bin/../lib/gcc/arm-none-eabi/4.9.3/../../../../arm-none-eabi/lib/armv7e-m\libc.a(lib_a-exit.o)
 .debug_frame   0x00000000       0x28 c:/program files (x86)/atmel/studio/7.0/toolchain/arm/arm-gnu-toolchain/bin/../lib/gcc/arm-none-eabi/4.9.3/../../../../arm-none-eabi/lib/armv7e-m\libc.a(lib_a-exit.o)
 .ARM.attributes
                0x00000000       0x2e c:/program files (x86)/atmel/studio/7.0/toolchain/arm/arm-gnu-toolchain/bin/../lib/gcc/arm-none-eabi/4.9.3/../../../../arm-none-eabi/lib/armv7e-m\libc.a(lib_a-exit.o)
 .text          0x00000000        0x0 c:/program files (x86)/atmel/studio/7.0/toolchain/arm/arm-gnu-toolchain/bin/../lib/gcc/arm-none-eabi/4.9.3/../../../../arm-none-eabi/lib/armv7e-m\libc.a(lib_a-impure.o)
 .data          0x00000000        0x0 c:/program files (x86)/atmel/studio/7.0/toolchain/arm/arm-gnu-toolchain/bin/../lib/gcc/arm-none-eabi/4.9.3/../../../../arm-none-eabi/lib/armv7e-m\libc.a(lib_a-impure.o)
 .bss           0x00000000        0x0 c:/program files (x86)/atmel/studio/7.0/toolchain/arm/arm-gnu-toolchain/bin/../lib/gcc/arm-none-eabi/4.9.3/../../../../arm-none-eabi/lib/armv7e-m\libc.a(lib_a-impure.o)
 .data._impure_ptr
                0x00000000        0x4 c:/program files (x86)/atmel/studio/7.0/toolchain/arm/arm-gnu-toolchain/bin/../lib/gcc/arm-none-eabi/4.9.3/../../../../arm-none-eabi/lib/armv7e-m\libc.a(lib_a-impure.o)
 .text          0x00000000        0x0 c:/program files (x86)/atmel/studio/7.0/toolchain/arm/arm-gnu-toolchain/bin/../lib/gcc/arm-none-eabi/4.9.3/../../../../arm-none-eabi/lib/armv7e-m\libc.a(lib_a-init.o)
 .data          0x00000000        0x0 c:/program files (x86)/atmel/studio/7.0/toolchain/arm/arm-gnu-toolchain/bin/../lib/gcc/arm-none-eabi/4.9.3/../../../../arm-none-eabi/lib/armv7e-m\libc.a(lib_a-init.o)
 .bss           0x00000000        0x0 c:/program files (x86)/atmel/studio/7.0/toolchain/arm/arm-gnu-toolchain/bin/../lib/gcc/arm-none-eabi/4.9.3/../../../../arm-none-eabi/lib/armv7e-m\libc.a(lib_a-init.o)
 .text          0x00000000        0x0 c:/program files (x86)/atmel/studio/7.0/toolchain/arm/arm-gnu-toolchain/bin/../lib/gcc/arm-none-eabi/4.9.3/../../../../arm-none-eabi/lib/armv7e-m\libc.a(lib_a-memset.o)
 .data          0x00000000        0x0 c:/program files (x86)/atmel/studio/7.0/toolchain/arm/arm-gnu-toolchain/bin/../lib/gcc/arm-none-eabi/4.9.3/../../../../arm-none-eabi/lib/armv7e-m\libc.a(lib_a-memset.o)
 .bss           0x00000000        0x0 c:/program files (x86)/atmel/studio/7.0/toolchain/arm/arm-gnu-toolchain/bin/../lib/gcc/arm-none-eabi/4.9.3/../../../../arm-none-eabi/lib/armv7e-m\libc.a(lib_a-memset.o)
 .text.memset   0x00000000       0x9c c:/program files (x86)/atmel/studio/7.0/toolchain/arm/arm-gnu-toolchain/bin/../lib/gcc/arm-none-eabi/4.9.3/../../../../arm-none-eabi/lib/armv7e-m\libc.a(lib_a-memset.o)
 .debug_frame   0x00000000       0x34 c:/program files (x86)/atmel/studio/7.0/toolchain/arm/arm-gnu-toolchain/bin/../lib/gcc/arm-none-eabi/4.9.3/../../../../arm-none-eabi/lib/armv7e-m\libc.a(lib_a-memset.o)
 .ARM.attributes
                0x00000000       0x2e c:/program files (x86)/atmel/studio/7.0/toolchain/arm/arm-gnu-toolchain/bin/../lib/gcc/arm-none-eabi/4.9.3/../../../../arm-none-eabi/lib/armv7e-m\libc.a(lib_a-memset.o)
 .text          0x00000000        0x0 c:/program files (x86)/atmel/studio/7.0/toolchain/arm/arm-gnu-toolchain/bin/../lib/gcc/arm-none-eabi/4.9.3/../../../../arm-none-eabi/lib/armv7e-m\libc.a(lib_a-__call_atexit.o)
 .data          0x00000000        0x0 c:/program files (x86)/atmel/studio/7.0/toolchain/arm/arm-gnu-toolchain/bin/../lib/gcc/arm-none-eabi/4.9.3/../../../../arm-none-eabi/lib/armv7e-m\libc.a(lib_a-__call_atexit.o)
 .bss           0x00000000        0x0 c:/program files (x86)/atmel/studio/7.0/toolchain/arm/arm-gnu-toolchain/bin/../lib/gcc/arm-none-eabi/4.9.3/../../../../arm-none-eabi/lib/armv7e-m\libc.a(lib_a-__call_atexit.o)
 .text.__call_exitprocs
                0x00000000       0xd4 c:/program files (x86)/atmel/studio/7.0/toolchain/arm/arm-gnu-toolchain/bin/../lib/gcc/arm-none-eabi/4.9.3/../../../../arm-none-eabi/lib/armv7e-m\libc.a(lib_a-__call_atexit.o)
 .text          0x00000000        0x0 c:/program files (x86)/atmel/studio/7.0/toolchain/arm/arm-gnu-toolchain/bin/../lib/gcc/arm-none-eabi/4.9.3/../../../../arm-none-eabi/lib/armv7e-m\libc.a(lib_a-atexit.o)
 .data          0x00000000        0x0 c:/program files (x86)/atmel/studio/7.0/toolchain/arm/arm-gnu-toolchain/bin/../lib/gcc/arm-none-eabi/4.9.3/../../../../arm-none-eabi/lib/armv7e-m\libc.a(lib_a-atexit.o)
 .bss           0x00000000        0x0 c:/program files (x86)/atmel/studio/7.0/toolchain/arm/arm-gnu-toolchain/bin/../lib/gcc/arm-none-eabi/4.9.3/../../../../arm-none-eabi/lib/armv7e-m\libc.a(lib_a-atexit.o)
 .text          0x00000000        0x0 c:/program files (x86)/atmel/studio/7.0/toolchain/arm/arm-gnu-toolchain/bin/../lib/gcc/arm-none-eabi/4.9.3/../../../../arm-none-eabi/lib/armv7e-m\libc.a(lib_a-fini.o)
 .data          0x00000000        0x0 c:/program files (x86)/atmel/studio/7.0/toolchain/arm/arm-gnu-toolchain/bin/../lib/gcc/arm-none-eabi/4.9.3/../../../../arm-none-eabi/lib/armv7e-m\libc.a(lib_a-fini.o)
 .bss           0x00000000        0x0 c:/program files (x86)/atmel/studio/7.0/toolchain/arm/arm-gnu-toolchain/bin/../lib/gcc/arm-none-eabi/4.9.3/../../../../arm-none-eabi/lib/armv7e-m\libc.a(lib_a-fini.o)
 .text          0x00000000        0x0 c:/program files (x86)/atmel/studio/7.0/toolchain/arm/arm-gnu-toolchain/bin/../lib/gcc/arm-none-eabi/4.9.3/../../../../arm-none-eabi/lib/armv7e-m\libc.a(lib_a-__atexit.o)
 .data          0x00000000        0x0 c:/program files (x86)/atmel/studio/7.0/toolchain/arm/arm-gnu-toolchain/bin/../lib/gcc/arm-none-eabi/4.9.3/../../../../arm-none-eabi/lib/armv7e-m\libc.a(lib_a-__atexit.o)
 .bss           0x00000000        0x0 c:/program files (x86)/atmel/studio/7.0/toolchain/arm/arm-gnu-toolchain/bin/../lib/gcc/arm-none-eabi/4.9.3/../../../../arm-none-eabi/lib/armv7e-m\libc.a(lib_a-__atexit.o)
 .text          0x00000000        0x0 c:/program files (x86)/atmel/studio/7.0/toolchain/arm/arm-gnu-toolchain/bin/../lib/gcc/arm-none-eabi/4.9.3/armv7e-m/crtend.o
 .data          0x00000000        0x0 c:/program files (x86)/atmel/studio/7.0/toolchain/arm/arm-gnu-toolchain/bin/../lib/gcc/arm-none-eabi/4.9.3/armv7e-m/crtend.o
 .bss           0x00000000        0x0 c:/program files (x86)/atmel/studio/7.0/toolchain/arm/arm-gnu-toolchain/bin/../lib/gcc/arm-none-eabi/4.9.3/armv7e-m/crtend.o
 .eh_frame      0x00000000        0x4 c:/program files (x86)/atmel/studio/7.0/toolchain/arm/arm-gnu-toolchain/bin/../lib/gcc/arm-none-eabi/4.9.3/armv7e-m/crtend.o
 .jcr           0x00000000        0x4 c:/program files (x86)/atmel/studio/7.0/toolchain/arm/arm-gnu-toolchain/bin/../lib/gcc/arm-none-eabi/4.9.3/armv7e-m/crtend.o
 .ARM.attributes
                0x00000000       0x2e c:/program files (x86)/atmel/studio/7.0/toolchain/arm/arm-gnu-toolchain/bin/../lib/gcc/arm-none-eabi/4.9.3/armv7e-m/crtend.o
 .text          0x00000000        0x0 c:/program files (x86)/atmel/studio/7.0/toolchain/arm/arm-gnu-toolchain/bin/../lib/gcc/arm-none-eabi/4.9.3/armv7e-m/crtn.o
 .data          0x00000000        0x0 c:/program files (x86)/atmel/studio/7.0/toolchain/arm/arm-gnu-toolchain/bin/../lib/gcc/arm-none-eabi/4.9.3/armv7e-m/crtn.o
 .bss           0x00000000        0x0 c:/program files (x86)/atmel/studio/7.0/toolchain/arm/arm-gnu-toolchain/bin/../lib/gcc/arm-none-eabi/4.9.3/armv7e-m/crtn.o

Memory Configuration

Name             Origin             Length             Attributes
rom              0x00400000         0x00080000         xr
ram              0x20000000         0x00028000         xrw
*default*        0x00000000         0xffffffff

Linker script and memory map

LOAD c:/program files (x86)/atmel/studio/7.0/toolchain/arm/arm-gnu-toolchain/bin/../lib/gcc/arm-none-eabi/4.9.3/armv7e-m/crti.o
LOAD c:/program files (x86)/atmel/studio/7.0/toolchain/arm/arm-gnu-toolchain/bin/../lib/gcc/arm-none-eabi/4.9.3/armv7e-m/crtbegin.o
LOAD c:/program files (x86)/atmel/studio/7.0/toolchain/arm/arm-gnu-toolchain/bin/../lib/gcc/arm-none-eabi/4.9.3/../../../../arm-none-eabi/lib/armv7e-m/crt0.o
LOAD Device_Startup/startup_samg55.o
LOAD Device_Startup/system_samg55.o
LOAD main.o
START GROUP
LOAD c:/program files (x86)/atmel/studio/7.0/toolchain/arm/arm-gnu-toolchain/bin/../lib/gcc/arm-none-eabi/4.9.3/../../../../arm-none-eabi/lib/armv7e-m\libm.a
END GROUP
START GROUP
LOAD c:/program files (x86)/atmel/studio/7.0/toolchain/arm/arm-gnu-toolchain/bin/../lib/gcc/arm-none-eabi/4.9.3/armv7e-m\libgcc.a
LOAD c:/program files (x86)/atmel/studio/7.0/toolchain/arm/arm-gnu-toolchain/bin/../lib/gcc/arm-none-eabi/4.9.3/../../../../arm-none-eabi/lib/armv7e-m\libc.a
END GROUP
LOAD c:/program files (x86)/atmel/studio/7.0/toolchain/arm/arm-gnu-toolchain/bin/../lib/gcc/arm-none-eabi/4.9.3/armv7e-m/crtend.o
LOAD c:/program files (x86)/atmel/studio/7.0/toolchain/arm/arm-gnu-toolchain/bin/../lib/gcc/arm-none-eabi/4.9.3/armv7e-m/crtn.o
                0x00000400                STACK_SIZE = DEFINED (STACK_SIZE)?STACK_SIZE:0x400
                0x00000200                HEAP_SIZE = DEFINED (HEAP_SIZE)?HEAP_SIZE:0x200

.text           0x00400000      0x4dc
                0x00400000                . = ALIGN (0x4)
                0x00400000                _sfixed = .
 *(.vectors .vectors.*)
 .vectors       0x00400000      0x148 Device_Startup/startup_samg55.o
                0x00400000                exception_table
 *(.text .text.* .gnu.linkonce.t.*)
 .text          0x00400148       0x5c c:/program files (x86)/atmel/studio/7.0/toolchain/arm/arm-gnu-toolchain/bin/../lib/gcc/arm-none-eabi/4.9.3/armv7e-m/crtbegin.o
 .text.Reset_Handler
                0x004001a4       0x84 Device_Startup/startup_samg55.o
                0x004001a4                Reset_Handler
 .text.Dummy_Handler
                0x00400228        0x8 Device_Startup/startup_samg55.o
                0x00400228                FLEXCOM1_Handler
                0x00400228                DebugMon_Handler
                0x00400228                HardFault_Handler
                0x00400228                TC2_Handler
                0x00400228                FLEXCOM4_Handler
                0x00400228                SysTick_Handler
                0x00400228                PendSV_Handler
                0x00400228                NMI_Handler
                0x00400228                ADC_Handler
                0x00400228                CRCCU_Handler
                0x00400228                RTT_Handler
                0x00400228                FLEXCOM6_Handler
                0x00400228                PIOB_Handler
                0x00400228                RTC_Handler
                0x00400228                UsageFault_Handler
                0x00400228                FLEXCOM0_Handler
                0x00400228                PDMIC1_Handler
                0x00400228                WDT_Handler
                0x00400228                TC4_Handler
                0x00400228                TC1_Handler
                0x00400228                TC3_Handler
                0x00400228                ARM_Handler
                0x00400228                Dummy_Handler
                0x00400228                MEM2MEM_Handler
                0x00400228                PMC_Handler
                0x00400228                PDMIC0_Handler
                0x00400228                MemManage_Handler
                0x00400228                SUPC_Handler
                0x00400228                SVC_Handler
                0x00400228                UHP_Handler
                0x00400228                EFC_Handler
                0x00400228                FLEXCOM7_Handler
                0x00400228                I2SC0_Handler
                0x00400228                I2SC1_Handler
                0x00400228                FLEXCOM2_Handler
                0x00400228                UDP_Handler
                0x00400228                FLEXCOM3_Handler
                0x00400228                BusFault_Handler
                0x00400228                RSTC_Handler
                0x00400228                TC0_Handler
                0x00400228                FLEXCOM5_Handler
                0x00400228                TC5_Handler
 .text.SystemInit
                0x00400230       0x4c Device_Startup/system_samg55.o
                0x00400230                SystemInit
 .text.NVIC_EnableIRQ
                0x0040027c       0x30 main.o
 .text.PIOA_Handler
                0x004002ac       0x20 main.o
                0x004002ac                PIOA_Handler
 .text.Configure_GPIO
                0x004002cc       0x60 main.o
                0x004002cc                Configure_GPIO
 .text.main     0x0040032c       0x44 main.o
                0x0040032c                main
 .text.__libc_init_array
                0x00400370       0x50 c:/program files (x86)/atmel/studio/7.0/toolchain/arm/arm-gnu-toolchain/bin/../lib/gcc/arm-none-eabi/4.9.3/../../../../arm-none-eabi/lib/armv7e-m\libc.a(lib_a-init.o)
                0x00400370                __libc_init_array
 .text.startup.register_fini
                0x004003c0       0x14 c:/program files (x86)/atmel/studio/7.0/toolchain/arm/arm-gnu-toolchain/bin/../lib/gcc/arm-none-eabi/4.9.3/../../../../arm-none-eabi/lib/armv7e-m\libc.a(lib_a-__call_atexit.o)
 .text.atexit   0x004003d4        0xc c:/program files (x86)/atmel/studio/7.0/toolchain/arm/arm-gnu-toolchain/bin/../lib/gcc/arm-none-eabi/4.9.3/../../../../arm-none-eabi/lib/armv7e-m\libc.a(lib_a-atexit.o)
                0x004003d4                atexit
 .text.__libc_fini_array
                0x004003e0       0x2c c:/program files (x86)/atmel/studio/7.0/toolchain/arm/arm-gnu-toolchain/bin/../lib/gcc/arm-none-eabi/4.9.3/../../../../arm-none-eabi/lib/armv7e-m\libc.a(lib_a-fini.o)
                0x004003e0                __libc_fini_array
 .text.__register_exitproc
                0x0040040c       0xa4 c:/program files (x86)/atmel/studio/7.0/toolchain/arm/arm-gnu-toolchain/bin/../lib/gcc/arm-none-eabi/4.9.3/../../../../arm-none-eabi/lib/armv7e-m\libc.a(lib_a-__atexit.o)
                0x0040040c                __register_exitproc
 *(.glue_7t)
 .glue_7t       0x00000000        0x0 linker stubs
 *(.glue_7)
 .glue_7        0x00000000        0x0 linker stubs
 *(.rodata .rodata* .gnu.linkonce.r.*)
 .rodata.str1.4
                0x004004b0        0x4 c:/program files (x86)/atmel/studio/7.0/toolchain/arm/arm-gnu-toolchain/bin/../lib/gcc/arm-none-eabi/4.9.3/../../../../arm-none-eabi/lib/armv7e-m\libc.a(lib_a-impure.o)
                                  0x2 (size before relaxing)
 .rodata._global_impure_ptr
                0x004004b4        0x4 c:/program files (x86)/atmel/studio/7.0/toolchain/arm/arm-gnu-toolchain/bin/../lib/gcc/arm-none-eabi/4.9.3/../../../../arm-none-eabi/lib/armv7e-m\libc.a(lib_a-impure.o)
                0x004004b4                _global_impure_ptr
 *(.ARM.extab* .gnu.linkonce.armextab.*)
                0x004004b8                . = ALIGN (0x4)
 *(.init)
 .init          0x004004b8        0x4 c:/program files (x86)/atmel/studio/7.0/toolchain/arm/arm-gnu-toolchain/bin/../lib/gcc/arm-none-eabi/4.9.3/armv7e-m/crti.o
                0x004004b8                _init
 .init          0x004004bc        0x8 c:/program files (x86)/atmel/studio/7.0/toolchain/arm/arm-gnu-toolchain/bin/../lib/gcc/arm-none-eabi/4.9.3/armv7e-m/crtn.o
                0x004004c4                . = ALIGN (0x4)
                0x004004c4                __preinit_array_start = .
 *(.preinit_array)
                0x004004c4                __preinit_array_end = .
                0x004004c4                . = ALIGN (0x4)
                0x004004c4                __init_array_start = .
 *(SORT(.init_array.*))
 .init_array.00000
                0x004004c4        0x4 c:/program files (x86)/atmel/studio/7.0/toolchain/arm/arm-gnu-toolchain/bin/../lib/gcc/arm-none-eabi/4.9.3/../../../../arm-none-eabi/lib/armv7e-m\libc.a(lib_a-__call_atexit.o)
 *(.init_array)
 .init_array    0x004004c8        0x4 c:/program files (x86)/atmel/studio/7.0/toolchain/arm/arm-gnu-toolchain/bin/../lib/gcc/arm-none-eabi/4.9.3/armv7e-m/crtbegin.o
                0x004004cc                __init_array_end = .
                0x004004cc                . = ALIGN (0x4)
 *crtbegin.o(.ctors)
 *(EXCLUDE_FILE(*crtend.o) .ctors)
 *(SORT(.ctors.*))
 *crtend.o(.ctors)
                0x004004cc                . = ALIGN (0x4)
 *(.fini)
 .fini          0x004004cc        0x4 c:/program files (x86)/atmel/studio/7.0/toolchain/arm/arm-gnu-toolchain/bin/../lib/gcc/arm-none-eabi/4.9.3/armv7e-m/crti.o
                0x004004cc                _fini
 .fini          0x004004d0        0x8 c:/program files (x86)/atmel/studio/7.0/toolchain/arm/arm-gnu-toolchain/bin/../lib/gcc/arm-none-eabi/4.9.3/armv7e-m/crtn.o
                0x004004d8                . = ALIGN (0x4)
                0x004004d8                __fini_array_start = .
 *(.fini_array)
 .fini_array    0x004004d8        0x4 c:/program files (x86)/atmel/studio/7.0/toolchain/arm/arm-gnu-toolchain/bin/../lib/gcc/arm-none-eabi/4.9.3/armv7e-m/crtbegin.o
 *(SORT(.fini_array.*))
                0x004004dc                __fini_array_end = .
 *crtbegin.o(.dtors)
 *(EXCLUDE_FILE(*crtend.o) .dtors)
 *(SORT(.dtors.*))
 *crtend.o(.dtors)
                0x004004dc                . = ALIGN (0x4)
                0x004004dc                _efixed = .
                0x004004dc                PROVIDE (__exidx_start, .)

.vfp11_veneer   0x004004dc        0x0
 .vfp11_veneer  0x00000000        0x0 linker stubs

.v4_bx          0x004004dc        0x0
 .v4_bx         0x00000000        0x0 linker stubs

.iplt           0x004004dc        0x0
 .iplt          0x00000000        0x0 c:/program files (x86)/atmel/studio/7.0/toolchain/arm/arm-gnu-toolchain/bin/../lib/gcc/arm-none-eabi/4.9.3/armv7e-m/crtbegin.o

.ramsection     0x004004dc       0x74
 .ramsection    0x004004dc       0x74 main.o
                0x004004dc                Wait_mode

.eh_frame       0x00400550        0x0
 .eh_frame      0x00400550        0x0 c:/program files (x86)/atmel/studio/7.0/toolchain/arm/arm-gnu-toolchain/bin/../lib/gcc/arm-none-eabi/4.9.3/armv7e-m/crtbegin.o

.rel.dyn        0x00400550        0x0
 .rel.iplt      0x00000000        0x0 c:/program files (x86)/atmel/studio/7.0/toolchain/arm/arm-gnu-toolchain/bin/../lib/gcc/arm-none-eabi/4.9.3/armv7e-m/crtbegin.o

.jcr            0x00400550        0x0
 .jcr           0x00400550        0x0 c:/program files (x86)/atmel/studio/7.0/toolchain/arm/arm-gnu-toolchain/bin/../lib/gcc/arm-none-eabi/4.9.3/armv7e-m/crtbegin.o

.igot.plt       0x00400550        0x0
 .igot.plt      0x00000000        0x0 c:/program files (x86)/atmel/studio/7.0/toolchain/arm/arm-gnu-toolchain/bin/../lib/gcc/arm-none-eabi/4.9.3/armv7e-m/crtbegin.o

.ARM.exidx
 *(.ARM.exidx* .gnu.linkonce.armexidx.*)
                0x00400550                PROVIDE (__exidx_end, .)
                0x00400550                . = ALIGN (0x4)
                0x00400550                _etext = .

.relocate       0x20000000      0x428 load address 0x00400550
                0x20000000                . = ALIGN (0x4)
                0x20000000                _srelocate = .
 *(.ramfunc .ramfunc.*)
 *(.data .data.*)
 .data.impure_data
                0x20000000      0x428 c:/program files (x86)/atmel/studio/7.0/toolchain/arm/arm-gnu-toolchain/bin/../lib/gcc/arm-none-eabi/4.9.3/../../../../arm-none-eabi/lib/armv7e-m\libc.a(lib_a-impure.o)
                0x20000428                . = ALIGN (0x4)
                0x20000428                _erelocate = .

.bss            0x20000428       0x20 load address 0x00400978
                0x20000428                . = ALIGN (0x4)
                0x20000428                _sbss = .
                0x20000428                _szero = .
 *(.bss .bss.*)
 .bss           0x20000428       0x1c c:/program files (x86)/atmel/studio/7.0/toolchain/arm/arm-gnu-toolchain/bin/../lib/gcc/arm-none-eabi/4.9.3/armv7e-m/crtbegin.o
 .bss           0x20000444        0x1 main.o
                0x20000444                RTC_Flag
 *(COMMON)
                0x20000448                . = ALIGN (0x4)
 *fill*         0x20000445        0x3 
                0x20000448                _ebss = .
                0x20000448                _ezero = .

.stack          0x20000448      0x400 load address 0x00400998
                0x20000448                . = ALIGN (0x8)
                0x20000448                _sstack = .
                0x20000848                . = (. + STACK_SIZE)
 *fill*         0x20000448      0x400 
                0x20000848                . = ALIGN (0x8)
                0x20000848                _estack = .

.heap           0x20000848      0x200 load address 0x00400d98
                0x20000848                . = ALIGN (0x8)
                0x20000848                _sheap = .
                0x20000a48                . = (. + HEAP_SIZE)
 *fill*         0x20000848      0x200 
                0x20000a48                . = ALIGN (0x8)
                0x20000a48                _eheap = .
                0x20000a48                . = ALIGN (0x4)
                0x20000a48                _end = .
                0x20027fff                _ram_end_ = ((ORIGIN (ram) + 0x28000) - 0x1)
OUTPUT(G55_Wait_Mode.elf elf32-littlearm)

.ARM.attributes
                0x00000000       0x2a
 .ARM.attributes
                0x00000000       0x1e c:/program files (x86)/atmel/studio/7.0/toolchain/arm/arm-gnu-toolchain/bin/../lib/gcc/arm-none-eabi/4.9.3/armv7e-m/crti.o
 .ARM.attributes
                0x0000001e       0x2e c:/program files (x86)/atmel/studio/7.0/toolchain/arm/arm-gnu-toolchain/bin/../lib/gcc/arm-none-eabi/4.9.3/armv7e-m/crtbegin.o
 .ARM.attributes
                0x0000004c       0x33 Device_Startup/startup_samg55.o
 .ARM.attributes
                0x0000007f       0x33 Device_Startup/system_samg55.o
 .ARM.attributes
                0x000000b2       0x33 main.o
 .ARM.attributes
                0x000000e5       0x2e c:/program files (x86)/atmel/studio/7.0/toolchain/arm/arm-gnu-toolchain/bin/../lib/gcc/arm-none-eabi/4.9.3/../../../../arm-none-eabi/lib/armv7e-m\libc.a(lib_a-impure.o)
 .ARM.attributes
                0x00000113       0x2e c:/program files (x86)/atmel/studio/7.0/toolchain/arm/arm-gnu-toolchain/bin/../lib/gcc/arm-none-eabi/4.9.3/../../../../arm-none-eabi/lib/armv7e-m\libc.a(lib_a-init.o)
 .ARM.attributes
                0x00000141       0x2e c:/program files (x86)/atmel/studio/7.0/toolchain/arm/arm-gnu-toolchain/bin/../lib/gcc/arm-none-eabi/4.9.3/../../../../arm-none-eabi/lib/armv7e-m\libc.a(lib_a-__call_atexit.o)
 .ARM.attributes
                0x0000016f       0x2e c:/program files (x86)/atmel/studio/7.0/toolchain/arm/arm-gnu-toolchain/bin/../lib/gcc/arm-none-eabi/4.9.3/../../../../arm-none-eabi/lib/armv7e-m\libc.a(lib_a-atexit.o)
 .ARM.attributes
                0x0000019d       0x2e c:/program files (x86)/atmel/studio/7.0/toolchain/arm/arm-gnu-toolchain/bin/../lib/gcc/arm-none-eabi/4.9.3/../../../../arm-none-eabi/lib/armv7e-m\libc.a(lib_a-fini.o)
 .ARM.attributes
                0x000001cb       0x2e c:/program files (x86)/atmel/studio/7.0/toolchain/arm/arm-gnu-toolchain/bin/../lib/gcc/arm-none-eabi/4.9.3/../../../../arm-none-eabi/lib/armv7e-m\libc.a(lib_a-__atexit.o)
 .ARM.attributes
                0x000001f9       0x1e c:/program files (x86)/atmel/studio/7.0/toolchain/arm/arm-gnu-toolchain/bin/../lib/gcc/arm-none-eabi/4.9.3/armv7e-m/crtn.o

.comment        0x00000000       0x5b
 .comment       0x00000000       0x5b Device_Startup/startup_samg55.o
                                 0x5c (size before relaxing)
 .comment       0x00000000       0x5c Device_Startup/system_samg55.o
 .comment       0x00000000       0x5c main.o

.debug_info     0x00000000     0x18b3
 .debug_info    0x00000000      0x81d Device_Startup/startup_samg55.o
 .debug_info    0x0000081d      0x55a Device_Startup/system_samg55.o
 .debug_info    0x00000d77      0xb3c main.o

.debug_abbrev   0x00000000      0x3c5
 .debug_abbrev  0x00000000      0x136 Device_Startup/startup_samg55.o
 .debug_abbrev  0x00000136       0xf5 Device_Startup/system_samg55.o
 .debug_abbrev  0x0000022b      0x19a main.o

.debug_loc      0x00000000      0x284
 .debug_loc     0x00000000       0x64 Device_Startup/startup_samg55.o
 .debug_loc     0x00000064       0xe4 Device_Startup/system_samg55.o
 .debug_loc     0x00000148      0x13c main.o

.debug_aranges  0x00000000       0x98
 .debug_aranges
                0x00000000       0x28 Device_Startup/startup_samg55.o
 .debug_aranges
                0x00000028       0x30 Device_Startup/system_samg55.o
 .debug_aranges
                0x00000058       0x40 main.o

.debug_ranges   0x00000000       0x68
 .debug_ranges  0x00000000       0x18 Device_Startup/startup_samg55.o
 .debug_ranges  0x00000018       0x20 Device_Startup/system_samg55.o
 .debug_ranges  0x00000038       0x30 main.o

.debug_macro    0x00000000     0xc886
 .debug_macro   0x00000000      0x3e4 Device_Startup/startup_samg55.o
 .debug_macro   0x000003e4      0x880 Device_Startup/startup_samg55.o
 .debug_macro   0x00000c64       0x22 Device_Startup/startup_samg55.o
 .debug_macro   0x00000c86       0x44 Device_Startup/startup_samg55.o
 .debug_macro   0x00000cca       0x58 Device_Startup/startup_samg55.o
 .debug_macro   0x00000d22       0x22 Device_Startup/startup_samg55.o
 .debug_macro   0x00000d44      0x1df Device_Startup/startup_samg55.o
 .debug_macro   0x00000f23       0x27 Device_Startup/startup_samg55.o
 .debug_macro   0x00000f4a       0x3b Device_Startup/startup_samg55.o
 .debug_macro   0x00000f85       0x2d Device_Startup/startup_samg55.o
 .debug_macro   0x00000fb2       0x26 Device_Startup/startup_samg55.o
 .debug_macro   0x00000fd8      0xd39 Device_Startup/startup_samg55.o
 .debug_macro   0x00001d11      0x7d0 Device_Startup/startup_samg55.o
 .debug_macro   0x000024e1      0x19c Device_Startup/startup_samg55.o
 .debug_macro   0x0000267d      0x148 Device_Startup/startup_samg55.o
 .debug_macro   0x000027c5       0xc4 Device_Startup/startup_samg55.o
 .debug_macro   0x00002889      0x130 Device_Startup/startup_samg55.o
 .debug_macro   0x000029b9       0x52 Device_Startup/startup_samg55.o
 .debug_macro   0x00002a0b       0x1c Device_Startup/startup_samg55.o
 .debug_macro   0x00002a27      0x3be Device_Startup/startup_samg55.o
 .debug_macro   0x00002de5      0x24d Device_Startup/startup_samg55.o
 .debug_macro   0x00003032      0x158 Device_Startup/startup_samg55.o
 .debug_macro   0x0000318a       0xee Device_Startup/startup_samg55.o
 .debug_macro   0x00003278      0x207 Device_Startup/startup_samg55.o
 .debug_macro   0x0000347f     0x2880 Device_Startup/startup_samg55.o
 .debug_macro   0x00005cff      0xb41 Device_Startup/startup_samg55.o
 .debug_macro   0x00006840       0xb2 Device_Startup/startup_samg55.o
 .debug_macro   0x000068f2      0x397 Device_Startup/startup_samg55.o
 .debug_macro   0x00006c89       0xfa Device_Startup/startup_samg55.o
 .debug_macro   0x00006d83      0x436 Device_Startup/startup_samg55.o
 .debug_macro   0x000071b9      0x7da Device_Startup/startup_samg55.o
 .debug_macro   0x00007993      0x689 Device_Startup/startup_samg55.o
 .debug_macro   0x0000801c      0x64e Device_Startup/startup_samg55.o
 .debug_macro   0x0000866a      0x28b Device_Startup/startup_samg55.o
 .debug_macro   0x000088f5      0x3d3 Device_Startup/startup_samg55.o
 .debug_macro   0x00008cc8      0x81e Device_Startup/startup_samg55.o
 .debug_macro   0x000094e6       0x7c Device_Startup/startup_samg55.o
 .debug_macro   0x00009562       0x82 Device_Startup/startup_samg55.o
 .debug_macro   0x000095e4       0x82 Device_Startup/startup_samg55.o
 .debug_macro   0x00009666       0x1c Device_Startup/startup_samg55.o
 .debug_macro   0x00009682       0xbe Device_Startup/startup_samg55.o
 .debug_macro   0x00009740       0x8e Device_Startup/startup_samg55.o
 .debug_macro   0x000097ce       0xac Device_Startup/startup_samg55.o
 .debug_macro   0x0000987a       0x1c Device_Startup/startup_samg55.o
 .debug_macro   0x00009896       0xbe Device_Startup/startup_samg55.o
 .debug_macro   0x00009954       0x8e Device_Startup/startup_samg55.o
 .debug_macro   0x000099e2       0xac Device_Startup/startup_samg55.o
 .debug_macro   0x00009a8e      0x118 Device_Startup/startup_samg55.o
 .debug_macro   0x00009ba6       0xf4 Device_Startup/startup_samg55.o
 .debug_macro   0x00009c9a       0x1c Device_Startup/startup_samg55.o
 .debug_macro   0x00009cb6       0xbe Device_Startup/startup_samg55.o
 .debug_macro   0x00009d74       0x8e Device_Startup/startup_samg55.o
 .debug_macro   0x00009e02       0xac Device_Startup/startup_samg55.o
 .debug_macro   0x00009eae       0x1c Device_Startup/startup_samg55.o
 .debug_macro   0x00009eca       0xbe Device_Startup/startup_samg55.o
 .debug_macro   0x00009f88       0x8e Device_Startup/startup_samg55.o
 .debug_macro   0x0000a016       0xac Device_Startup/startup_samg55.o
 .debug_macro   0x0000a0c2       0x1c Device_Startup/startup_samg55.o
 .debug_macro   0x0000a0de       0xbe Device_Startup/startup_samg55.o
 .debug_macro   0x0000a19c       0x8e Device_Startup/startup_samg55.o
 .debug_macro   0x0000a22a       0xac Device_Startup/startup_samg55.o
 .debug_macro   0x0000a2d6       0x1c Device_Startup/startup_samg55.o
 .debug_macro   0x0000a2f2       0xbe Device_Startup/startup_samg55.o
 .debug_macro   0x0000a3b0       0x8e Device_Startup/startup_samg55.o
 .debug_macro   0x0000a43e       0xac Device_Startup/startup_samg55.o
 .debug_macro   0x0000a4ea       0x6a Device_Startup/startup_samg55.o
 .debug_macro   0x0000a554       0x70 Device_Startup/startup_samg55.o
 .debug_macro   0x0000a5c4       0x70 Device_Startup/startup_samg55.o
 .debug_macro   0x0000a634       0x1c Device_Startup/startup_samg55.o
 .debug_macro   0x0000a650       0xbe Device_Startup/startup_samg55.o
 .debug_macro   0x0000a70e       0x8e Device_Startup/startup_samg55.o
 .debug_macro   0x0000a79c       0xac Device_Startup/startup_samg55.o
 .debug_macro   0x0000a848       0xac Device_Startup/startup_samg55.o
 .debug_macro   0x0000a8f4       0x46 Device_Startup/startup_samg55.o
 .debug_macro   0x0000a93a       0x1c Device_Startup/startup_samg55.o
 .debug_macro   0x0000a956       0xbe Device_Startup/startup_samg55.o
 .debug_macro   0x0000aa14       0x8e Device_Startup/startup_samg55.o
 .debug_macro   0x0000aaa2       0xac Device_Startup/startup_samg55.o
 .debug_macro   0x0000ab4e       0x52 Device_Startup/startup_samg55.o
 .debug_macro   0x0000aba0       0x64 Device_Startup/startup_samg55.o
 .debug_macro   0x0000ac04       0x8e Device_Startup/startup_samg55.o
 .debug_macro   0x0000ac92       0x52 Device_Startup/startup_samg55.o
 .debug_macro   0x0000ace4       0xca Device_Startup/startup_samg55.o
 .debug_macro   0x0000adae       0x16 Device_Startup/startup_samg55.o
 .debug_macro   0x0000adc4       0x28 Device_Startup/startup_samg55.o
 .debug_macro   0x0000adec      0x126 Device_Startup/startup_samg55.o
 .debug_macro   0x0000af12      0x126 Device_Startup/startup_samg55.o
 .debug_macro   0x0000b038       0x1c Device_Startup/startup_samg55.o
 .debug_macro   0x0000b054       0x34 Device_Startup/startup_samg55.o
 .debug_macro   0x0000b088       0x28 Device_Startup/startup_samg55.o
 .debug_macro   0x0000b0b0       0x1c Device_Startup/startup_samg55.o
 .debug_macro   0x0000b0cc       0x5e Device_Startup/startup_samg55.o
 .debug_macro   0x0000b12a       0x10 Device_Startup/startup_samg55.o
 .debug_macro   0x0000b13a      0x353 Device_Startup/startup_samg55.o
 .debug_macro   0x0000b48d      0xb42 Device_Startup/startup_samg55.o
 .debug_macro   0x0000bfcf       0xdd Device_Startup/startup_samg55.o
 .debug_macro   0x0000c0ac      0x3f0 Device_Startup/system_samg55.o
 .debug_macro   0x0000c49c      0x3ea main.o

.debug_line     0x00000000     0x1855
 .debug_line    0x00000000      0x7ef Device_Startup/startup_samg55.o
 .debug_line    0x000007ef      0x839 Device_Startup/system_samg55.o
 .debug_line    0x00001028      0x82d main.o

.debug_str      0x00000000    0x3ce08
 .debug_str     0x00000000    0x3c5de Device_Startup/startup_samg55.o
                              0x3c785 (size before relaxing)
 .debug_str     0x0003c5de      0x2b3 Device_Startup/system_samg55.o
                              0x3c411 (size before relaxing)
 .debug_str     0x0003c891      0x577 main.o
                              0x3c88b (size before relaxing)

.debug_frame    0x00000000      0x274
 .debug_frame   0x00000000       0x48 Device_Startup/startup_samg55.o
 .debug_frame   0x00000048       0x78 Device_Startup/system_samg55.o
 .debug_frame   0x000000c0       0xb0 main.o
 .debug_frame   0x00000170       0x2c c:/program files (x86)/atmel/studio/7.0/toolchain/arm/arm-gnu-toolchain/bin/../lib/gcc/arm-none-eabi/4.9.3/../../../../arm-none-eabi/lib/armv7e-m\libc.a(lib_a-init.o)
 .debug_frame   0x0000019c       0x50 c:/program files (x86)/atmel/studio/7.0/toolchain/arm/arm-gnu-toolchain/bin/../lib/gcc/arm-none-eabi/4.9.3/../../../../arm-none-eabi/lib/armv7e-m\libc.a(lib_a-__call_atexit.o)
 .debug_frame   0x000001ec       0x20 c:/program files (x86)/atmel/studio/7.0/toolchain/arm/arm-gnu-toolchain/bin/../lib/gcc/arm-none-eabi/4.9.3/../../../../arm-none-eabi/lib/armv7e-m\libc.a(lib_a-atexit.o)
 .debug_frame   0x0000020c       0x34 c:/program files (x86)/atmel/studio/7.0/toolchain/arm/arm-gnu-toolchain/bin/../lib/gcc/arm-none-eabi/4.9.3/../../../../arm-none-eabi/lib/armv7e-m\libc.a(lib_a-fini.o)
 .debug_frame   0x00000240       0x34 c:/program files (x86)/atmel/studio/7.0/toolchain/arm/arm-gnu-toolchain/bin/../lib/gcc/arm-none-eabi/4.9.3/../../../../arm-none-eabi/lib/armv7e-m\libc.a(lib_a-__atexit.o)
