Archive member included to satisfy reference by file (symbol)

c:/program files (x86)/atmel/studio/7.0/toolchain/arm/arm-gnu-toolchain/bin/../lib/gcc/arm-none-eabi/5.3.1/../../../../arm-none-eabi/lib/armv7e-m\libc.a(lib_a-exit.o)
                              c:/program files (x86)/atmel/studio/7.0/toolchain/arm/arm-gnu-toolchain/bin/../lib/gcc/arm-none-eabi/5.3.1/../../../../arm-none-eabi/lib/armv7e-m/crt0.o (exit)
c:/program files (x86)/atmel/studio/7.0/toolchain/arm/arm-gnu-toolchain/bin/../lib/gcc/arm-none-eabi/5.3.1/../../../../arm-none-eabi/lib/armv7e-m\libc.a(lib_a-impure.o)
                              c:/program files (x86)/atmel/studio/7.0/toolchain/arm/arm-gnu-toolchain/bin/../lib/gcc/arm-none-eabi/5.3.1/../../../../arm-none-eabi/lib/armv7e-m\libc.a(lib_a-exit.o) (_global_impure_ptr)
c:/program files (x86)/atmel/studio/7.0/toolchain/arm/arm-gnu-toolchain/bin/../lib/gcc/arm-none-eabi/5.3.1/../../../../arm-none-eabi/lib/armv7e-m\libc.a(lib_a-init.o)
                              c:/program files (x86)/atmel/studio/7.0/toolchain/arm/arm-gnu-toolchain/bin/../lib/gcc/arm-none-eabi/5.3.1/../../../../arm-none-eabi/lib/armv7e-m/crt0.o (__libc_init_array)
c:/program files (x86)/atmel/studio/7.0/toolchain/arm/arm-gnu-toolchain/bin/../lib/gcc/arm-none-eabi/5.3.1/../../../../arm-none-eabi/lib/armv7e-m\libc.a(lib_a-memset.o)
                              c:/program files (x86)/atmel/studio/7.0/toolchain/arm/arm-gnu-toolchain/bin/../lib/gcc/arm-none-eabi/5.3.1/../../../../arm-none-eabi/lib/armv7e-m/crt0.o (memset)
c:/program files (x86)/atmel/studio/7.0/toolchain/arm/arm-gnu-toolchain/bin/../lib/gcc/arm-none-eabi/5.3.1/../../../../arm-none-eabi/lib/armv7e-m\libc.a(lib_a-__call_atexit.o)
                              c:/program files (x86)/atmel/studio/7.0/toolchain/arm/arm-gnu-toolchain/bin/../lib/gcc/arm-none-eabi/5.3.1/../../../../arm-none-eabi/lib/armv7e-m\libc.a(lib_a-exit.o) (__call_exitprocs)
c:/program files (x86)/atmel/studio/7.0/toolchain/arm/arm-gnu-toolchain/bin/../lib/gcc/arm-none-eabi/5.3.1/../../../../arm-none-eabi/lib/armv7e-m\libc.a(lib_a-atexit.o)
                              c:/program files (x86)/atmel/studio/7.0/toolchain/arm/arm-gnu-toolchain/bin/../lib/gcc/arm-none-eabi/5.3.1/../../../../arm-none-eabi/lib/armv7e-m\libc.a(lib_a-__call_atexit.o) (atexit)
c:/program files (x86)/atmel/studio/7.0/toolchain/arm/arm-gnu-toolchain/bin/../lib/gcc/arm-none-eabi/5.3.1/../../../../arm-none-eabi/lib/armv7e-m\libc.a(lib_a-fini.o)
                              c:/program files (x86)/atmel/studio/7.0/toolchain/arm/arm-gnu-toolchain/bin/../lib/gcc/arm-none-eabi/5.3.1/../../../../arm-none-eabi/lib/armv7e-m\libc.a(lib_a-__call_atexit.o) (__libc_fini_array)
c:/program files (x86)/atmel/studio/7.0/toolchain/arm/arm-gnu-toolchain/bin/../lib/gcc/arm-none-eabi/5.3.1/../../../../arm-none-eabi/lib/armv7e-m\libc.a(lib_a-__atexit.o)
                              c:/program files (x86)/atmel/studio/7.0/toolchain/arm/arm-gnu-toolchain/bin/../lib/gcc/arm-none-eabi/5.3.1/../../../../arm-none-eabi/lib/armv7e-m\libc.a(lib_a-atexit.o) (__register_exitproc)

Discarded input sections

 .text          0x00000000        0x0 c:/program files (x86)/atmel/studio/7.0/toolchain/arm/arm-gnu-toolchain/bin/../lib/gcc/arm-none-eabi/5.3.1/armv7e-m/crti.o
 .data          0x00000000        0x0 c:/program files (x86)/atmel/studio/7.0/toolchain/arm/arm-gnu-toolchain/bin/../lib/gcc/arm-none-eabi/5.3.1/armv7e-m/crti.o
 .bss           0x00000000        0x0 c:/program files (x86)/atmel/studio/7.0/toolchain/arm/arm-gnu-toolchain/bin/../lib/gcc/arm-none-eabi/5.3.1/armv7e-m/crti.o
 .data          0x00000000        0x4 c:/program files (x86)/atmel/studio/7.0/toolchain/arm/arm-gnu-toolchain/bin/../lib/gcc/arm-none-eabi/5.3.1/armv7e-m/crtbegin.o
 .text          0x00000000       0x74 c:/program files (x86)/atmel/studio/7.0/toolchain/arm/arm-gnu-toolchain/bin/../lib/gcc/arm-none-eabi/5.3.1/../../../../arm-none-eabi/lib/armv7e-m/crt0.o
 .data          0x00000000        0x0 c:/program files (x86)/atmel/studio/7.0/toolchain/arm/arm-gnu-toolchain/bin/../lib/gcc/arm-none-eabi/5.3.1/../../../../arm-none-eabi/lib/armv7e-m/crt0.o
 .bss           0x00000000        0x0 c:/program files (x86)/atmel/studio/7.0/toolchain/arm/arm-gnu-toolchain/bin/../lib/gcc/arm-none-eabi/5.3.1/../../../../arm-none-eabi/lib/armv7e-m/crt0.o
 .ARM.extab     0x00000000        0x0 c:/program files (x86)/atmel/studio/7.0/toolchain/arm/arm-gnu-toolchain/bin/../lib/gcc/arm-none-eabi/5.3.1/../../../../arm-none-eabi/lib/armv7e-m/crt0.o
 .ARM.exidx     0x00000000        0x8 c:/program files (x86)/atmel/studio/7.0/toolchain/arm/arm-gnu-toolchain/bin/../lib/gcc/arm-none-eabi/5.3.1/../../../../arm-none-eabi/lib/armv7e-m/crt0.o
 .ARM.attributes
                0x00000000       0x1c c:/program files (x86)/atmel/studio/7.0/toolchain/arm/arm-gnu-toolchain/bin/../lib/gcc/arm-none-eabi/5.3.1/../../../../arm-none-eabi/lib/armv7e-m/crt0.o
 .group         0x00000000        0x8 Device_Startup/startup_samg55.o
 .group         0x00000000        0x8 Device_Startup/startup_samg55.o
 .group         0x00000000        0x8 Device_Startup/startup_samg55.o
 .group         0x00000000        0x8 Device_Startup/startup_samg55.o
 .group         0x00000000        0x8 Device_Startup/startup_samg55.o
 .group         0x00000000        0x8 Device_Startup/startup_samg55.o
 .group         0x00000000        0x8 Device_Startup/startup_samg55.o
 .group         0x00000000        0x8 Device_Startup/startup_samg55.o
 .group         0x00000000        0x8 Device_Startup/startup_samg55.o
 .group         0x00000000        0x8 Device_Startup/startup_samg55.o
 .group         0x00000000        0x8 Device_Startup/startup_samg55.o
 .group         0x00000000        0x8 Device_Startup/startup_samg55.o
 .group         0x00000000        0x8 Device_Startup/startup_samg55.o
 .group         0x00000000        0x8 Device_Startup/startup_samg55.o
 .group         0x00000000        0x8 Device_Startup/startup_samg55.o
 .group         0x00000000        0x8 Device_Startup/startup_samg55.o
 .group         0x00000000        0x8 Device_Startup/startup_samg55.o
 .group         0x00000000        0x8 Device_Startup/startup_samg55.o
 .group         0x00000000        0x8 Device_Startup/startup_samg55.o
 .group         0x00000000        0x8 Device_Startup/startup_samg55.o
 .group         0x00000000        0x8 Device_Startup/startup_samg55.o
 .group         0x00000000        0x8 Device_Startup/startup_samg55.o
 .group         0x00000000        0x8 Device_Startup/startup_samg55.o
 .group         0x00000000        0x8 Device_Startup/startup_samg55.o
 .group         0x00000000        0x8 Device_Startup/startup_samg55.o
 .group         0x00000000        0x8 Device_Startup/startup_samg55.o
 .group         0x00000000        0x8 Device_Startup/startup_samg55.o
 .group         0x00000000        0x8 Device_Startup/startup_samg55.o
 .group         0x00000000        0x8 Device_Startup/startup_samg55.o
 .group         0x00000000        0x8 Device_Startup/startup_samg55.o
 .group         0x00000000        0x8 Device_Startup/startup_samg55.o
 .group         0x00000000        0x8 Device_Startup/startup_samg55.o
 .group         0x00000000        0x8 Device_Startup/startup_samg55.o
 .group         0x00000000        0x8 Device_Startup/startup_samg55.o
 .group         0x00000000        0x8 Device_Startup/startup_samg55.o
 .group         0x00000000        0x8 Device_Startup/startup_samg55.o
 .group         0x00000000        0x8 Device_Startup/startup_samg55.o
 .group         0x00000000        0x8 Device_Startup/startup_samg55.o
 .group         0x00000000        0x8 Device_Startup/startup_samg55.o
 .group         0x00000000        0x8 Device_Startup/startup_samg55.o
 .group         0x00000000        0x8 Device_Startup/startup_samg55.o
 .group         0x00000000        0x8 Device_Startup/startup_samg55.o
 .group         0x00000000        0x8 Device_Startup/startup_samg55.o
 .group         0x00000000        0x8 Device_Startup/startup_samg55.o
 .group         0x00000000        0x8 Device_Startup/startup_samg55.o
 .group         0x00000000        0x8 Device_Startup/startup_samg55.o
 .group         0x00000000        0x8 Device_Startup/startup_samg55.o
 .group         0x00000000        0x8 Device_Startup/startup_samg55.o
 .group         0x00000000        0x8 Device_Startup/startup_samg55.o
 .group         0x00000000        0x8 Device_Startup/startup_samg55.o
 .group         0x00000000        0x8 Device_Startup/startup_samg55.o
 .group         0x00000000        0x8 Device_Startup/startup_samg55.o
 .group         0x00000000        0x8 Device_Startup/startup_samg55.o
 .group         0x00000000        0x8 Device_Startup/startup_samg55.o
 .group         0x00000000        0x8 Device_Startup/startup_samg55.o
 .group         0x00000000        0x8 Device_Startup/startup_samg55.o
 .group         0x00000000        0x8 Device_Startup/startup_samg55.o
 .group         0x00000000        0x8 Device_Startup/startup_samg55.o
 .group         0x00000000        0x8 Device_Startup/startup_samg55.o
 .group         0x00000000        0x8 Device_Startup/startup_samg55.o
 .group         0x00000000        0x8 Device_Startup/startup_samg55.o
 .group         0x00000000        0x8 Device_Startup/startup_samg55.o
 .group         0x00000000        0x8 Device_Startup/startup_samg55.o
 .group         0x00000000        0x8 Device_Startup/startup_samg55.o
 .group         0x00000000        0x8 Device_Startup/startup_samg55.o
 .group         0x00000000        0x8 Device_Startup/startup_samg55.o
 .group         0x00000000        0x8 Device_Startup/startup_samg55.o
 .group         0x00000000        0x8 Device_Startup/startup_samg55.o
 .group         0x00000000        0x8 Device_Startup/startup_samg55.o
 .group         0x00000000        0x8 Device_Startup/startup_samg55.o
 .group         0x00000000        0x8 Device_Startup/startup_samg55.o
 .group         0x00000000        0x8 Device_Startup/startup_samg55.o
 .group         0x00000000        0x8 Device_Startup/startup_samg55.o
 .group         0x00000000        0x8 Device_Startup/startup_samg55.o
 .group         0x00000000        0x8 Device_Startup/startup_samg55.o
 .group         0x00000000        0x8 Device_Startup/startup_samg55.o
 .group         0x00000000        0x8 Device_Startup/startup_samg55.o
 .group         0x00000000        0x8 Device_Startup/startup_samg55.o
 .group         0x00000000        0x8 Device_Startup/startup_samg55.o
 .group         0x00000000        0x8 Device_Startup/startup_samg55.o
 .group         0x00000000        0x8 Device_Startup/startup_samg55.o
 .group         0x00000000        0x8 Device_Startup/startup_samg55.o
 .group         0x00000000        0x8 Device_Startup/startup_samg55.o
 .group         0x00000000        0x8 Device_Startup/startup_samg55.o
 .group         0x00000000        0x8 Device_Startup/startup_samg55.o
 .group         0x00000000        0x8 Device_Startup/startup_samg55.o
 .group         0x00000000        0x8 Device_Startup/startup_samg55.o
 .group         0x00000000        0x8 Device_Startup/startup_samg55.o
 .group         0x00000000        0x8 Device_Startup/startup_samg55.o
 .group         0x00000000        0x8 Device_Startup/startup_samg55.o
 .group         0x00000000        0x8 Device_Startup/startup_samg55.o
 .group         0x00000000        0x8 Device_Startup/startup_samg55.o
 .group         0x00000000        0x8 Device_Startup/startup_samg55.o
 .group         0x00000000        0x8 Device_Startup/startup_samg55.o
 .group         0x00000000        0x8 Device_Startup/startup_samg55.o
 .group         0x00000000        0x8 Device_Startup/startup_samg55.o
 .text          0x00000000        0x0 Device_Startup/startup_samg55.o
 .data          0x00000000        0x0 Device_Startup/startup_samg55.o
 .bss           0x00000000        0x0 Device_Startup/startup_samg55.o
 .group         0x00000000        0x8 Device_Startup/system_samg55.o
 .group         0x00000000        0x8 Device_Startup/system_samg55.o
 .group         0x00000000        0x8 Device_Startup/system_samg55.o
 .group         0x00000000        0x8 Device_Startup/system_samg55.o
 .group         0x00000000        0x8 Device_Startup/system_samg55.o
 .group         0x00000000        0x8 Device_Startup/system_samg55.o
 .group         0x00000000        0x8 Device_Startup/system_samg55.o
 .group         0x00000000        0x8 Device_Startup/system_samg55.o
 .group         0x00000000        0x8 Device_Startup/system_samg55.o
 .group         0x00000000        0x8 Device_Startup/system_samg55.o
 .group         0x00000000        0x8 Device_Startup/system_samg55.o
 .group         0x00000000        0x8 Device_Startup/system_samg55.o
 .group         0x00000000        0x8 Device_Startup/system_samg55.o
 .group         0x00000000        0x8 Device_Startup/system_samg55.o
 .group         0x00000000        0x8 Device_Startup/system_samg55.o
 .group         0x00000000        0x8 Device_Startup/system_samg55.o
 .group         0x00000000        0x8 Device_Startup/system_samg55.o
 .group         0x00000000        0x8 Device_Startup/system_samg55.o
 .group         0x00000000        0x8 Device_Startup/system_samg55.o
 .group         0x00000000        0x8 Device_Startup/system_samg55.o
 .group         0x00000000        0x8 Device_Startup/system_samg55.o
 .group         0x00000000        0x8 Device_Startup/system_samg55.o
 .group         0x00000000        0x8 Device_Startup/system_samg55.o
 .group         0x00000000        0x8 Device_Startup/system_samg55.o
 .group         0x00000000        0x8 Device_Startup/system_samg55.o
 .group         0x00000000        0x8 Device_Startup/system_samg55.o
 .group         0x00000000        0x8 Device_Startup/system_samg55.o
 .group         0x00000000        0x8 Device_Startup/system_samg55.o
 .group         0x00000000        0x8 Device_Startup/system_samg55.o
 .group         0x00000000        0x8 Device_Startup/system_samg55.o
 .group         0x00000000        0x8 Device_Startup/system_samg55.o
 .group         0x00000000        0x8 Device_Startup/system_samg55.o
 .group         0x00000000        0x8 Device_Startup/system_samg55.o
 .group         0x00000000        0x8 Device_Startup/system_samg55.o
 .group         0x00000000        0x8 Device_Startup/system_samg55.o
 .group         0x00000000        0x8 Device_Startup/system_samg55.o
 .group         0x00000000        0x8 Device_Startup/system_samg55.o
 .group         0x00000000        0x8 Device_Startup/system_samg55.o
 .group         0x00000000        0x8 Device_Startup/system_samg55.o
 .group         0x00000000        0x8 Device_Startup/system_samg55.o
 .group         0x00000000        0x8 Device_Startup/system_samg55.o
 .group         0x00000000        0x8 Device_Startup/system_samg55.o
 .group         0x00000000        0x8 Device_Startup/system_samg55.o
 .group         0x00000000        0x8 Device_Startup/system_samg55.o
 .group         0x00000000        0x8 Device_Startup/system_samg55.o
 .group         0x00000000        0x8 Device_Startup/system_samg55.o
 .group         0x00000000        0x8 Device_Startup/system_samg55.o
 .group         0x00000000        0x8 Device_Startup/system_samg55.o
 .group         0x00000000        0x8 Device_Startup/system_samg55.o
 .group         0x00000000        0x8 Device_Startup/system_samg55.o
 .group         0x00000000        0x8 Device_Startup/system_samg55.o
 .group         0x00000000        0x8 Device_Startup/system_samg55.o
 .group         0x00000000        0x8 Device_Startup/system_samg55.o
 .group         0x00000000        0x8 Device_Startup/system_samg55.o
 .group         0x00000000        0x8 Device_Startup/system_samg55.o
 .group         0x00000000        0x8 Device_Startup/system_samg55.o
 .group         0x00000000        0x8 Device_Startup/system_samg55.o
 .group         0x00000000        0x8 Device_Startup/system_samg55.o
 .group         0x00000000        0x8 Device_Startup/system_samg55.o
 .group         0x00000000        0x8 Device_Startup/system_samg55.o
 .group         0x00000000        0x8 Device_Startup/system_samg55.o
 .group         0x00000000        0x8 Device_Startup/system_samg55.o
 .group         0x00000000        0x8 Device_Startup/system_samg55.o
 .group         0x00000000        0x8 Device_Startup/system_samg55.o
 .group         0x00000000        0x8 Device_Startup/system_samg55.o
 .group         0x00000000        0x8 Device_Startup/system_samg55.o
 .group         0x00000000        0x8 Device_Startup/system_samg55.o
 .group         0x00000000        0x8 Device_Startup/system_samg55.o
 .group         0x00000000        0x8 Device_Startup/system_samg55.o
 .group         0x00000000        0x8 Device_Startup/system_samg55.o
 .group         0x00000000        0x8 Device_Startup/system_samg55.o
 .group         0x00000000        0x8 Device_Startup/system_samg55.o
 .group         0x00000000        0x8 Device_Startup/system_samg55.o
 .group         0x00000000        0x8 Device_Startup/system_samg55.o
 .group         0x00000000        0x8 Device_Startup/system_samg55.o
 .group         0x00000000        0x8 Device_Startup/system_samg55.o
 .group         0x00000000        0x8 Device_Startup/system_samg55.o
 .group         0x00000000        0x8 Device_Startup/system_samg55.o
 .group         0x00000000        0x8 Device_Startup/system_samg55.o
 .group         0x00000000        0x8 Device_Startup/system_samg55.o
 .group         0x00000000        0x8 Device_Startup/system_samg55.o
 .group         0x00000000        0x8 Device_Startup/system_samg55.o
 .group         0x00000000        0x8 Device_Startup/system_samg55.o
 .group         0x00000000        0x8 Device_Startup/system_samg55.o
 .group         0x00000000        0x8 Device_Startup/system_samg55.o
 .group         0x00000000        0x8 Device_Startup/system_samg55.o
 .group         0x00000000        0x8 Device_Startup/system_samg55.o
 .group         0x00000000        0x8 Device_Startup/system_samg55.o
 .group         0x00000000        0x8 Device_Startup/system_samg55.o
 .group         0x00000000        0x8 Device_Startup/system_samg55.o
 .group         0x00000000        0x8 Device_Startup/system_samg55.o
 .group         0x00000000        0x8 Device_Startup/system_samg55.o
 .group         0x00000000        0x8 Device_Startup/system_samg55.o
 .group         0x00000000        0x8 Device_Startup/system_samg55.o
 .group         0x00000000        0x8 Device_Startup/system_samg55.o
 .group         0x00000000        0x8 Device_Startup/system_samg55.o
 .text          0x00000000        0x0 Device_Startup/system_samg55.o
 .data          0x00000000        0x4 Device_Startup/system_samg55.o
 .bss           0x00000000        0x0 Device_Startup/system_samg55.o
 .text.SystemInit
                0x00000000       0x10 Device_Startup/system_samg55.o
 .text.SystemCoreClockUpdate
                0x00000000      0x10c Device_Startup/system_samg55.o
 .text.system_init_flash
                0x00000000       0xb8 Device_Startup/system_samg55.o
 .debug_info    0x00000000      0x518 Device_Startup/system_samg55.o
 .debug_abbrev  0x00000000       0xf5 Device_Startup/system_samg55.o
 .debug_aranges
                0x00000000       0x30 Device_Startup/system_samg55.o
 .debug_ranges  0x00000000       0x20 Device_Startup/system_samg55.o
 .debug_macro   0x00000000      0x3ff Device_Startup/system_samg55.o
 .debug_macro   0x00000000      0x880 Device_Startup/system_samg55.o
 .debug_macro   0x00000000       0x22 Device_Startup/system_samg55.o
 .debug_macro   0x00000000       0x87 Device_Startup/system_samg55.o
 .debug_macro   0x00000000       0x44 Device_Startup/system_samg55.o
 .debug_macro   0x00000000       0xfd Device_Startup/system_samg55.o
 .debug_macro   0x00000000       0x22 Device_Startup/system_samg55.o
 .debug_macro   0x00000000      0x1df Device_Startup/system_samg55.o
 .debug_macro   0x00000000       0x27 Device_Startup/system_samg55.o
 .debug_macro   0x00000000       0x3b Device_Startup/system_samg55.o
 .debug_macro   0x00000000       0x2d Device_Startup/system_samg55.o
 .debug_macro   0x00000000       0x26 Device_Startup/system_samg55.o
 .debug_macro   0x00000000      0xd39 Device_Startup/system_samg55.o
 .debug_macro   0x00000000      0x7d0 Device_Startup/system_samg55.o
 .debug_macro   0x00000000      0x19c Device_Startup/system_samg55.o
 .debug_macro   0x00000000      0x148 Device_Startup/system_samg55.o
 .debug_macro   0x00000000       0xc4 Device_Startup/system_samg55.o
 .debug_macro   0x00000000      0x130 Device_Startup/system_samg55.o
 .debug_macro   0x00000000       0x52 Device_Startup/system_samg55.o
 .debug_macro   0x00000000       0x1c Device_Startup/system_samg55.o
 .debug_macro   0x00000000      0x3be Device_Startup/system_samg55.o
 .debug_macro   0x00000000      0x24d Device_Startup/system_samg55.o
 .debug_macro   0x00000000      0x158 Device_Startup/system_samg55.o
 .debug_macro   0x00000000       0xee Device_Startup/system_samg55.o
 .debug_macro   0x00000000      0x207 Device_Startup/system_samg55.o
 .debug_macro   0x00000000     0x2880 Device_Startup/system_samg55.o
 .debug_macro   0x00000000      0xb41 Device_Startup/system_samg55.o
 .debug_macro   0x00000000       0xb2 Device_Startup/system_samg55.o
 .debug_macro   0x00000000      0x397 Device_Startup/system_samg55.o
 .debug_macro   0x00000000       0xfa Device_Startup/system_samg55.o
 .debug_macro   0x00000000      0x436 Device_Startup/system_samg55.o
 .debug_macro   0x00000000      0x7da Device_Startup/system_samg55.o
 .debug_macro   0x00000000      0x689 Device_Startup/system_samg55.o
 .debug_macro   0x00000000      0x64e Device_Startup/system_samg55.o
 .debug_macro   0x00000000      0x28b Device_Startup/system_samg55.o
 .debug_macro   0x00000000      0x3d3 Device_Startup/system_samg55.o
 .debug_macro   0x00000000      0x81e Device_Startup/system_samg55.o
 .debug_macro   0x00000000       0x7c Device_Startup/system_samg55.o
 .debug_macro   0x00000000       0x82 Device_Startup/system_samg55.o
 .debug_macro   0x00000000       0x82 Device_Startup/system_samg55.o
 .debug_macro   0x00000000       0x1c Device_Startup/system_samg55.o
 .debug_macro   0x00000000       0xbe Device_Startup/system_samg55.o
 .debug_macro   0x00000000       0x8e Device_Startup/system_samg55.o
 .debug_macro   0x00000000       0xac Device_Startup/system_samg55.o
 .debug_macro   0x00000000       0x1c Device_Startup/system_samg55.o
 .debug_macro   0x00000000       0xbe Device_Startup/system_samg55.o
 .debug_macro   0x00000000       0x8e Device_Startup/system_samg55.o
 .debug_macro   0x00000000       0xac Device_Startup/system_samg55.o
 .debug_macro   0x00000000      0x118 Device_Startup/system_samg55.o
 .debug_macro   0x00000000       0xf4 Device_Startup/system_samg55.o
 .debug_macro   0x00000000       0x1c Device_Startup/system_samg55.o
 .debug_macro   0x00000000       0xbe Device_Startup/system_samg55.o
 .debug_macro   0x00000000       0x8e Device_Startup/system_samg55.o
 .debug_macro   0x00000000       0xac Device_Startup/system_samg55.o
 .debug_macro   0x00000000       0x1c Device_Startup/system_samg55.o
 .debug_macro   0x00000000       0xbe Device_Startup/system_samg55.o
 .debug_macro   0x00000000       0x8e Device_Startup/system_samg55.o
 .debug_macro   0x00000000       0xac Device_Startup/system_samg55.o
 .debug_macro   0x00000000       0x1c Device_Startup/system_samg55.o
 .debug_macro   0x00000000       0xbe Device_Startup/system_samg55.o
 .debug_macro   0x00000000       0x8e Device_Startup/system_samg55.o
 .debug_macro   0x00000000       0xac Device_Startup/system_samg55.o
 .debug_macro   0x00000000       0x1c Device_Startup/system_samg55.o
 .debug_macro   0x00000000       0xbe Device_Startup/system_samg55.o
 .debug_macro   0x00000000       0x8e Device_Startup/system_samg55.o
 .debug_macro   0x00000000       0xac Device_Startup/system_samg55.o
 .debug_macro   0x00000000       0x6a Device_Startup/system_samg55.o
 .debug_macro   0x00000000       0x70 Device_Startup/system_samg55.o
 .debug_macro   0x00000000       0x70 Device_Startup/system_samg55.o
 .debug_macro   0x00000000       0x1c Device_Startup/system_samg55.o
 .debug_macro   0x00000000       0xbe Device_Startup/system_samg55.o
 .debug_macro   0x00000000       0x8e Device_Startup/system_samg55.o
 .debug_macro   0x00000000       0xac Device_Startup/system_samg55.o
 .debug_macro   0x00000000       0xac Device_Startup/system_samg55.o
 .debug_macro   0x00000000       0x46 Device_Startup/system_samg55.o
 .debug_macro   0x00000000       0x1c Device_Startup/system_samg55.o
 .debug_macro   0x00000000       0xbe Device_Startup/system_samg55.o
 .debug_macro   0x00000000       0x8e Device_Startup/system_samg55.o
 .debug_macro   0x00000000       0xac Device_Startup/system_samg55.o
 .debug_macro   0x00000000       0x52 Device_Startup/system_samg55.o
 .debug_macro   0x00000000       0x64 Device_Startup/system_samg55.o
 .debug_macro   0x00000000       0x8e Device_Startup/system_samg55.o
 .debug_macro   0x00000000       0x52 Device_Startup/system_samg55.o
 .debug_macro   0x00000000       0xca Device_Startup/system_samg55.o
 .debug_macro   0x00000000       0x16 Device_Startup/system_samg55.o
 .debug_macro   0x00000000       0x28 Device_Startup/system_samg55.o
 .debug_macro   0x00000000      0x126 Device_Startup/system_samg55.o
 .debug_macro   0x00000000      0x126 Device_Startup/system_samg55.o
 .debug_macro   0x00000000       0x1c Device_Startup/system_samg55.o
 .debug_macro   0x00000000       0x34 Device_Startup/system_samg55.o
 .debug_macro   0x00000000       0x28 Device_Startup/system_samg55.o
 .debug_macro   0x00000000       0x1c Device_Startup/system_samg55.o
 .debug_macro   0x00000000       0x5e Device_Startup/system_samg55.o
 .debug_macro   0x00000000       0x10 Device_Startup/system_samg55.o
 .debug_macro   0x00000000      0x353 Device_Startup/system_samg55.o
 .debug_macro   0x00000000      0xb42 Device_Startup/system_samg55.o
 .debug_macro   0x00000000       0xdd Device_Startup/system_samg55.o
 .debug_line    0x00000000      0x825 Device_Startup/system_samg55.o
 .debug_str     0x00000000    0x3c66c Device_Startup/system_samg55.o
 .comment       0x00000000       0x5a Device_Startup/system_samg55.o
 .debug_frame   0x00000000       0x40 Device_Startup/system_samg55.o
 .ARM.attributes
                0x00000000       0x33 Device_Startup/system_samg55.o
 .group         0x00000000        0x8 main.o
 .group         0x00000000        0x8 main.o
 .group         0x00000000        0x8 main.o
 .group         0x00000000        0x8 main.o
 .group         0x00000000        0x8 main.o
 .group         0x00000000        0x8 main.o
 .group         0x00000000        0x8 main.o
 .group         0x00000000        0x8 main.o
 .group         0x00000000        0x8 main.o
 .group         0x00000000        0x8 main.o
 .group         0x00000000        0x8 main.o
 .group         0x00000000        0x8 main.o
 .group         0x00000000        0x8 main.o
 .group         0x00000000        0x8 main.o
 .group         0x00000000        0x8 main.o
 .group         0x00000000        0x8 main.o
 .group         0x00000000        0x8 main.o
 .group         0x00000000        0x8 main.o
 .group         0x00000000        0x8 main.o
 .group         0x00000000        0x8 main.o
 .group         0x00000000        0x8 main.o
 .group         0x00000000        0x8 main.o
 .group         0x00000000        0x8 main.o
 .group         0x00000000        0x8 main.o
 .group         0x00000000        0x8 main.o
 .group         0x00000000        0x8 main.o
 .group         0x00000000        0x8 main.o
 .group         0x00000000        0x8 main.o
 .group         0x00000000        0x8 main.o
 .group         0x00000000        0x8 main.o
 .group         0x00000000        0x8 main.o
 .group         0x00000000        0x8 main.o
 .group         0x00000000        0x8 main.o
 .group         0x00000000        0x8 main.o
 .group         0x00000000        0x8 main.o
 .group         0x00000000        0x8 main.o
 .group         0x00000000        0x8 main.o
 .group         0x00000000        0x8 main.o
 .group         0x00000000        0x8 main.o
 .group         0x00000000        0x8 main.o
 .group         0x00000000        0x8 main.o
 .group         0x00000000        0x8 main.o
 .group         0x00000000        0x8 main.o
 .group         0x00000000        0x8 main.o
 .group         0x00000000        0x8 main.o
 .group         0x00000000        0x8 main.o
 .group         0x00000000        0x8 main.o
 .group         0x00000000        0x8 main.o
 .group         0x00000000        0x8 main.o
 .group         0x00000000        0x8 main.o
 .group         0x00000000        0x8 main.o
 .group         0x00000000        0x8 main.o
 .group         0x00000000        0x8 main.o
 .group         0x00000000        0x8 main.o
 .group         0x00000000        0x8 main.o
 .group         0x00000000        0x8 main.o
 .group         0x00000000        0x8 main.o
 .group         0x00000000        0x8 main.o
 .group         0x00000000        0x8 main.o
 .group         0x00000000        0x8 main.o
 .group         0x00000000        0x8 main.o
 .group         0x00000000        0x8 main.o
 .group         0x00000000        0x8 main.o
 .group         0x00000000        0x8 main.o
 .group         0x00000000        0x8 main.o
 .group         0x00000000        0x8 main.o
 .group         0x00000000        0x8 main.o
 .group         0x00000000        0x8 main.o
 .group         0x00000000        0x8 main.o
 .group         0x00000000        0x8 main.o
 .group         0x00000000        0x8 main.o
 .group         0x00000000        0x8 main.o
 .group         0x00000000        0x8 main.o
 .group         0x00000000        0x8 main.o
 .group         0x00000000        0x8 main.o
 .group         0x00000000        0x8 main.o
 .group         0x00000000        0x8 main.o
 .group         0x00000000        0x8 main.o
 .group         0x00000000        0x8 main.o
 .group         0x00000000        0x8 main.o
 .group         0x00000000        0x8 main.o
 .group         0x00000000        0x8 main.o
 .group         0x00000000        0x8 main.o
 .group         0x00000000        0x8 main.o
 .group         0x00000000        0x8 main.o
 .group         0x00000000        0x8 main.o
 .group         0x00000000        0x8 main.o
 .group         0x00000000        0x8 main.o
 .group         0x00000000        0x8 main.o
 .group         0x00000000        0x8 main.o
 .group         0x00000000        0x8 main.o
 .group         0x00000000        0x8 main.o
 .group         0x00000000        0x8 main.o
 .group         0x00000000        0x8 main.o
 .group         0x00000000        0x8 main.o
 .group         0x00000000        0x8 main.o
 .text          0x00000000        0x0 main.o
 .data          0x00000000        0x0 main.o
 .bss           0x00000000        0x0 main.o
 .debug_macro   0x00000000      0x880 main.o
 .debug_macro   0x00000000       0x22 main.o
 .debug_macro   0x00000000       0x87 main.o
 .debug_macro   0x00000000       0x44 main.o
 .debug_macro   0x00000000       0xfd main.o
 .debug_macro   0x00000000       0x22 main.o
 .debug_macro   0x00000000      0x1df main.o
 .debug_macro   0x00000000       0x27 main.o
 .debug_macro   0x00000000       0x3b main.o
 .debug_macro   0x00000000       0x2d main.o
 .debug_macro   0x00000000       0x26 main.o
 .debug_macro   0x00000000      0xd39 main.o
 .debug_macro   0x00000000      0x7d0 main.o
 .debug_macro   0x00000000      0x19c main.o
 .debug_macro   0x00000000      0x148 main.o
 .debug_macro   0x00000000       0xc4 main.o
 .debug_macro   0x00000000      0x130 main.o
 .debug_macro   0x00000000       0x52 main.o
 .debug_macro   0x00000000       0x1c main.o
 .debug_macro   0x00000000      0x3be main.o
 .debug_macro   0x00000000      0x24d main.o
 .debug_macro   0x00000000      0x158 main.o
 .debug_macro   0x00000000       0xee main.o
 .debug_macro   0x00000000      0x207 main.o
 .debug_macro   0x00000000     0x2880 main.o
 .debug_macro   0x00000000      0xb41 main.o
 .debug_macro   0x00000000       0xb2 main.o
 .debug_macro   0x00000000      0x397 main.o
 .debug_macro   0x00000000       0xfa main.o
 .debug_macro   0x00000000      0x436 main.o
 .debug_macro   0x00000000      0x7da main.o
 .debug_macro   0x00000000      0x689 main.o
 .debug_macro   0x00000000      0x64e main.o
 .debug_macro   0x00000000      0x28b main.o
 .debug_macro   0x00000000      0x3d3 main.o
 .debug_macro   0x00000000      0x81e main.o
 .debug_macro   0x00000000       0x7c main.o
 .debug_macro   0x00000000       0x82 main.o
 .debug_macro   0x00000000       0x82 main.o
 .debug_macro   0x00000000       0x1c main.o
 .debug_macro   0x00000000       0xbe main.o
 .debug_macro   0x00000000       0x8e main.o
 .debug_macro   0x00000000       0xac main.o
 .debug_macro   0x00000000       0x1c main.o
 .debug_macro   0x00000000       0xbe main.o
 .debug_macro   0x00000000       0x8e main.o
 .debug_macro   0x00000000       0xac main.o
 .debug_macro   0x00000000      0x118 main.o
 .debug_macro   0x00000000       0xf4 main.o
 .debug_macro   0x00000000       0x1c main.o
 .debug_macro   0x00000000       0xbe main.o
 .debug_macro   0x00000000       0x8e main.o
 .debug_macro   0x00000000       0xac main.o
 .debug_macro   0x00000000       0x1c main.o
 .debug_macro   0x00000000       0xbe main.o
 .debug_macro   0x00000000       0x8e main.o
 .debug_macro   0x00000000       0xac main.o
 .debug_macro   0x00000000       0x1c main.o
 .debug_macro   0x00000000       0xbe main.o
 .debug_macro   0x00000000       0x8e main.o
 .debug_macro   0x00000000       0xac main.o
 .debug_macro   0x00000000       0x1c main.o
 .debug_macro   0x00000000       0xbe main.o
 .debug_macro   0x00000000       0x8e main.o
 .debug_macro   0x00000000       0xac main.o
 .debug_macro   0x00000000       0x6a main.o
 .debug_macro   0x00000000       0x70 main.o
 .debug_macro   0x00000000       0x70 main.o
 .debug_macro   0x00000000       0x1c main.o
 .debug_macro   0x00000000       0xbe main.o
 .debug_macro   0x00000000       0x8e main.o
 .debug_macro   0x00000000       0xac main.o
 .debug_macro   0x00000000       0xac main.o
 .debug_macro   0x00000000       0x46 main.o
 .debug_macro   0x00000000       0x1c main.o
 .debug_macro   0x00000000       0xbe main.o
 .debug_macro   0x00000000       0x8e main.o
 .debug_macro   0x00000000       0xac main.o
 .debug_macro   0x00000000       0x52 main.o
 .debug_macro   0x00000000       0x64 main.o
 .debug_macro   0x00000000       0x8e main.o
 .debug_macro   0x00000000       0x52 main.o
 .debug_macro   0x00000000       0xca main.o
 .debug_macro   0x00000000       0x16 main.o
 .debug_macro   0x00000000       0x28 main.o
 .debug_macro   0x00000000      0x126 main.o
 .debug_macro   0x00000000      0x126 main.o
 .debug_macro   0x00000000       0x1c main.o
 .debug_macro   0x00000000       0x34 main.o
 .debug_macro   0x00000000       0x28 main.o
 .debug_macro   0x00000000       0x1c main.o
 .debug_macro   0x00000000       0x5e main.o
 .debug_macro   0x00000000       0x10 main.o
 .debug_macro   0x00000000      0x353 main.o
 .debug_macro   0x00000000      0xb42 main.o
 .debug_macro   0x00000000       0xdd main.o
 .text          0x00000000        0x0 c:/program files (x86)/atmel/studio/7.0/toolchain/arm/arm-gnu-toolchain/bin/../lib/gcc/arm-none-eabi/5.3.1/../../../../arm-none-eabi/lib/armv7e-m\libc.a(lib_a-exit.o)
 .data          0x00000000        0x0 c:/program files (x86)/atmel/studio/7.0/toolchain/arm/arm-gnu-toolchain/bin/../lib/gcc/arm-none-eabi/5.3.1/../../../../arm-none-eabi/lib/armv7e-m\libc.a(lib_a-exit.o)
 .bss           0x00000000        0x0 c:/program files (x86)/atmel/studio/7.0/toolchain/arm/arm-gnu-toolchain/bin/../lib/gcc/arm-none-eabi/5.3.1/../../../../arm-none-eabi/lib/armv7e-m\libc.a(lib_a-exit.o)
 .text.exit     0x00000000       0x20 c:/program files (x86)/atmel/studio/7.0/toolchain/arm/arm-gnu-toolchain/bin/../lib/gcc/arm-none-eabi/5.3.1/../../../../arm-none-eabi/lib/armv7e-m\libc.a(lib_a-exit.o)
 .debug_frame   0x00000000       0x28 c:/program files (x86)/atmel/studio/7.0/toolchain/arm/arm-gnu-toolchain/bin/../lib/gcc/arm-none-eabi/5.3.1/../../../../arm-none-eabi/lib/armv7e-m\libc.a(lib_a-exit.o)
 .ARM.attributes
                0x00000000       0x2e c:/program files (x86)/atmel/studio/7.0/toolchain/arm/arm-gnu-toolchain/bin/../lib/gcc/arm-none-eabi/5.3.1/../../../../arm-none-eabi/lib/armv7e-m\libc.a(lib_a-exit.o)
 .text          0x00000000        0x0 c:/program files (x86)/atmel/studio/7.0/toolchain/arm/arm-gnu-toolchain/bin/../lib/gcc/arm-none-eabi/5.3.1/../../../../arm-none-eabi/lib/armv7e-m\libc.a(lib_a-impure.o)
 .data          0x00000000        0x0 c:/program files (x86)/atmel/studio/7.0/toolchain/arm/arm-gnu-toolchain/bin/../lib/gcc/arm-none-eabi/5.3.1/../../../../arm-none-eabi/lib/armv7e-m\libc.a(lib_a-impure.o)
 .bss           0x00000000        0x0 c:/program files (x86)/atmel/studio/7.0/toolchain/arm/arm-gnu-toolchain/bin/../lib/gcc/arm-none-eabi/5.3.1/../../../../arm-none-eabi/lib/armv7e-m\libc.a(lib_a-impure.o)
 .data._impure_ptr
                0x00000000        0x4 c:/program files (x86)/atmel/studio/7.0/toolchain/arm/arm-gnu-toolchain/bin/../lib/gcc/arm-none-eabi/5.3.1/../../../../arm-none-eabi/lib/armv7e-m\libc.a(lib_a-impure.o)
 .text          0x00000000        0x0 c:/program files (x86)/atmel/studio/7.0/toolchain/arm/arm-gnu-toolchain/bin/../lib/gcc/arm-none-eabi/5.3.1/../../../../arm-none-eabi/lib/armv7e-m\libc.a(lib_a-init.o)
 .data          0x00000000        0x0 c:/program files (x86)/atmel/studio/7.0/toolchain/arm/arm-gnu-toolchain/bin/../lib/gcc/arm-none-eabi/5.3.1/../../../../arm-none-eabi/lib/armv7e-m\libc.a(lib_a-init.o)
 .bss           0x00000000        0x0 c:/program files (x86)/atmel/studio/7.0/toolchain/arm/arm-gnu-toolchain/bin/../lib/gcc/arm-none-eabi/5.3.1/../../../../arm-none-eabi/lib/armv7e-m\libc.a(lib_a-init.o)
 .text          0x00000000        0x0 c:/program files (x86)/atmel/studio/7.0/toolchain/arm/arm-gnu-toolchain/bin/../lib/gcc/arm-none-eabi/5.3.1/../../../../arm-none-eabi/lib/armv7e-m\libc.a(lib_a-memset.o)
 .data          0x00000000        0x0 c:/program files (x86)/atmel/studio/7.0/toolchain/arm/arm-gnu-toolchain/bin/../lib/gcc/arm-none-eabi/5.3.1/../../../../arm-none-eabi/lib/armv7e-m\libc.a(lib_a-memset.o)
 .bss           0x00000000        0x0 c:/program files (x86)/atmel/studio/7.0/toolchain/arm/arm-gnu-toolchain/bin/../lib/gcc/arm-none-eabi/5.3.1/../../../../arm-none-eabi/lib/armv7e-m\libc.a(lib_a-memset.o)
 .text.memset   0x00000000       0x9c c:/program files (x86)/atmel/studio/7.0/toolchain/arm/arm-gnu-toolchain/bin/../lib/gcc/arm-none-eabi/5.3.1/../../../../arm-none-eabi/lib/armv7e-m\libc.a(lib_a-memset.o)
 .debug_frame   0x00000000       0x34 c:/program files (x86)/atmel/studio/7.0/toolchain/arm/arm-gnu-toolchain/bin/../lib/gcc/arm-none-eabi/5.3.1/../../../../arm-none-eabi/lib/armv7e-m\libc.a(lib_a-memset.o)
 .ARM.attributes
                0x00000000       0x2e c:/program files (x86)/atmel/studio/7.0/toolchain/arm/arm-gnu-toolchain/bin/../lib/gcc/arm-none-eabi/5.3.1/../../../../arm-none-eabi/lib/armv7e-m\libc.a(lib_a-memset.o)
 .text          0x00000000        0x0 c:/program files (x86)/atmel/studio/7.0/toolchain/arm/arm-gnu-toolchain/bin/../lib/gcc/arm-none-eabi/5.3.1/../../../../arm-none-eabi/lib/armv7e-m\libc.a(lib_a-__call_atexit.o)
 .data          0x00000000        0x0 c:/program files (x86)/atmel/studio/7.0/toolchain/arm/arm-gnu-toolchain/bin/../lib/gcc/arm-none-eabi/5.3.1/../../../../arm-none-eabi/lib/armv7e-m\libc.a(lib_a-__call_atexit.o)
 .bss           0x00000000        0x0 c:/program files (x86)/atmel/studio/7.0/toolchain/arm/arm-gnu-toolchain/bin/../lib/gcc/arm-none-eabi/5.3.1/../../../../arm-none-eabi/lib/armv7e-m\libc.a(lib_a-__call_atexit.o)
 .text.__call_exitprocs
                0x00000000       0xd8 c:/program files (x86)/atmel/studio/7.0/toolchain/arm/arm-gnu-toolchain/bin/../lib/gcc/arm-none-eabi/5.3.1/../../../../arm-none-eabi/lib/armv7e-m\libc.a(lib_a-__call_atexit.o)
 .text          0x00000000        0x0 c:/program files (x86)/atmel/studio/7.0/toolchain/arm/arm-gnu-toolchain/bin/../lib/gcc/arm-none-eabi/5.3.1/../../../../arm-none-eabi/lib/armv7e-m\libc.a(lib_a-atexit.o)
 .data          0x00000000        0x0 c:/program files (x86)/atmel/studio/7.0/toolchain/arm/arm-gnu-toolchain/bin/../lib/gcc/arm-none-eabi/5.3.1/../../../../arm-none-eabi/lib/armv7e-m\libc.a(lib_a-atexit.o)
 .bss           0x00000000        0x0 c:/program files (x86)/atmel/studio/7.0/toolchain/arm/arm-gnu-toolchain/bin/../lib/gcc/arm-none-eabi/5.3.1/../../../../arm-none-eabi/lib/armv7e-m\libc.a(lib_a-atexit.o)
 .text          0x00000000        0x0 c:/program files (x86)/atmel/studio/7.0/toolchain/arm/arm-gnu-toolchain/bin/../lib/gcc/arm-none-eabi/5.3.1/../../../../arm-none-eabi/lib/armv7e-m\libc.a(lib_a-fini.o)
 .data          0x00000000        0x0 c:/program files (x86)/atmel/studio/7.0/toolchain/arm/arm-gnu-toolchain/bin/../lib/gcc/arm-none-eabi/5.3.1/../../../../arm-none-eabi/lib/armv7e-m\libc.a(lib_a-fini.o)
 .bss           0x00000000        0x0 c:/program files (x86)/atmel/studio/7.0/toolchain/arm/arm-gnu-toolchain/bin/../lib/gcc/arm-none-eabi/5.3.1/../../../../arm-none-eabi/lib/armv7e-m\libc.a(lib_a-fini.o)
 .text          0x00000000        0x0 c:/program files (x86)/atmel/studio/7.0/toolchain/arm/arm-gnu-toolchain/bin/../lib/gcc/arm-none-eabi/5.3.1/../../../../arm-none-eabi/lib/armv7e-m\libc.a(lib_a-__atexit.o)
 .data          0x00000000        0x0 c:/program files (x86)/atmel/studio/7.0/toolchain/arm/arm-gnu-toolchain/bin/../lib/gcc/arm-none-eabi/5.3.1/../../../../arm-none-eabi/lib/armv7e-m\libc.a(lib_a-__atexit.o)
 .bss           0x00000000        0x0 c:/program files (x86)/atmel/studio/7.0/toolchain/arm/arm-gnu-toolchain/bin/../lib/gcc/arm-none-eabi/5.3.1/../../../../arm-none-eabi/lib/armv7e-m\libc.a(lib_a-__atexit.o)
 .text          0x00000000        0x0 c:/program files (x86)/atmel/studio/7.0/toolchain/arm/arm-gnu-toolchain/bin/../lib/gcc/arm-none-eabi/5.3.1/armv7e-m/crtend.o
 .data          0x00000000        0x0 c:/program files (x86)/atmel/studio/7.0/toolchain/arm/arm-gnu-toolchain/bin/../lib/gcc/arm-none-eabi/5.3.1/armv7e-m/crtend.o
 .bss           0x00000000        0x0 c:/program files (x86)/atmel/studio/7.0/toolchain/arm/arm-gnu-toolchain/bin/../lib/gcc/arm-none-eabi/5.3.1/armv7e-m/crtend.o
 .eh_frame      0x00000000        0x4 c:/program files (x86)/atmel/studio/7.0/toolchain/arm/arm-gnu-toolchain/bin/../lib/gcc/arm-none-eabi/5.3.1/armv7e-m/crtend.o
 .jcr           0x00000000        0x4 c:/program files (x86)/atmel/studio/7.0/toolchain/arm/arm-gnu-toolchain/bin/../lib/gcc/arm-none-eabi/5.3.1/armv7e-m/crtend.o
 .ARM.attributes
                0x00000000       0x2e c:/program files (x86)/atmel/studio/7.0/toolchain/arm/arm-gnu-toolchain/bin/../lib/gcc/arm-none-eabi/5.3.1/armv7e-m/crtend.o
 .text          0x00000000        0x0 c:/program files (x86)/atmel/studio/7.0/toolchain/arm/arm-gnu-toolchain/bin/../lib/gcc/arm-none-eabi/5.3.1/armv7e-m/crtn.o
 .data          0x00000000        0x0 c:/program files (x86)/atmel/studio/7.0/toolchain/arm/arm-gnu-toolchain/bin/../lib/gcc/arm-none-eabi/5.3.1/armv7e-m/crtn.o
 .bss           0x00000000        0x0 c:/program files (x86)/atmel/studio/7.0/toolchain/arm/arm-gnu-toolchain/bin/../lib/gcc/arm-none-eabi/5.3.1/armv7e-m/crtn.o

Memory Configuration

Name             Origin             Length             Attributes
rom              0x00400000         0x00080000         xr
ram              0x20000000         0x00028000         xrw
*default*        0x00000000         0xffffffff

Linker script and memory map

LOAD c:/program files (x86)/atmel/studio/7.0/toolchain/arm/arm-gnu-toolchain/bin/../lib/gcc/arm-none-eabi/5.3.1/armv7e-m/crti.o
LOAD c:/program files (x86)/atmel/studio/7.0/toolchain/arm/arm-gnu-toolchain/bin/../lib/gcc/arm-none-eabi/5.3.1/armv7e-m/crtbegin.o
LOAD c:/program files (x86)/atmel/studio/7.0/toolchain/arm/arm-gnu-toolchain/bin/../lib/gcc/arm-none-eabi/5.3.1/../../../../arm-none-eabi/lib/armv7e-m/crt0.o
LOAD Device_Startup/startup_samg55.o
LOAD Device_Startup/system_samg55.o
LOAD main.o
START GROUP
LOAD c:/program files (x86)/atmel/studio/7.0/toolchain/arm/arm-gnu-toolchain/bin/../lib/gcc/arm-none-eabi/5.3.1/../../../../arm-none-eabi/lib/armv7e-m\libm.a
END GROUP
START GROUP
LOAD c:/program files (x86)/atmel/studio/7.0/toolchain/arm/arm-gnu-toolchain/bin/../lib/gcc/arm-none-eabi/5.3.1/armv7e-m\libgcc.a
LOAD c:/program files (x86)/atmel/studio/7.0/toolchain/arm/arm-gnu-toolchain/bin/../lib/gcc/arm-none-eabi/5.3.1/../../../../arm-none-eabi/lib/armv7e-m\libc.a
END GROUP
LOAD c:/program files (x86)/atmel/studio/7.0/toolchain/arm/arm-gnu-toolchain/bin/../lib/gcc/arm-none-eabi/5.3.1/armv7e-m/crtend.o
LOAD c:/program files (x86)/atmel/studio/7.0/toolchain/arm/arm-gnu-toolchain/bin/../lib/gcc/arm-none-eabi/5.3.1/armv7e-m/crtn.o
                0x00000400                STACK_SIZE = DEFINED (STACK_SIZE)?STACK_SIZE:0x400
                0x00000200                HEAP_SIZE = DEFINED (HEAP_SIZE)?HEAP_SIZE:0x200

.text           0x00400000      0x41c
                0x00400000                . = ALIGN (0x4)
                0x00400000                _sfixed = .
 *(.vectors .vectors.*)
 .vectors       0x00400000      0x148 Device_Startup/startup_samg55.o
                0x00400000                exception_table
 *(.text .text.* .gnu.linkonce.t.*)
 .text          0x00400148       0x5c c:/program files (x86)/atmel/studio/7.0/toolchain/arm/arm-gnu-toolchain/bin/../lib/gcc/arm-none-eabi/5.3.1/armv7e-m/crtbegin.o
 .text.Dummy_Handler
                0x004001a4        0x4 Device_Startup/startup_samg55.o
                0x004001a4                FLEXCOM1_Handler
                0x004001a4                DebugMon_Handler
                0x004001a4                HardFault_Handler
                0x004001a4                TC2_Handler
                0x004001a4                FLEXCOM4_Handler
                0x004001a4                SysTick_Handler
                0x004001a4                PendSV_Handler
                0x004001a4                NMI_Handler
                0x004001a4                ADC_Handler
                0x004001a4                CRCCU_Handler
                0x004001a4                RTT_Handler
                0x004001a4                FLEXCOM6_Handler
                0x004001a4                PIOB_Handler
                0x004001a4                RTC_Handler
                0x004001a4                UsageFault_Handler
                0x004001a4                FLEXCOM0_Handler
                0x004001a4                PDMIC1_Handler
                0x004001a4                WDT_Handler
                0x004001a4                TC4_Handler
                0x004001a4                TC1_Handler
                0x004001a4                TC3_Handler
                0x004001a4                ARM_Handler
                0x004001a4                Dummy_Handler
                0x004001a4                PIOA_Handler
                0x004001a4                MEM2MEM_Handler
                0x004001a4                PMC_Handler
                0x004001a4                PDMIC0_Handler
                0x004001a4                MemManage_Handler
                0x004001a4                SUPC_Handler
                0x004001a4                SVC_Handler
                0x004001a4                UHP_Handler
                0x004001a4                EFC_Handler
                0x004001a4                FLEXCOM7_Handler
                0x004001a4                I2SC0_Handler
                0x004001a4                I2SC1_Handler
                0x004001a4                FLEXCOM2_Handler
                0x004001a4                UDP_Handler
                0x004001a4                FLEXCOM3_Handler
                0x004001a4                BusFault_Handler
                0x004001a4                RSTC_Handler
                0x004001a4                TC0_Handler
                0x004001a4                FLEXCOM5_Handler
                0x004001a4                TC5_Handler
 .text.Reset_Handler
                0x004001a8       0x98 Device_Startup/startup_samg55.o
                0x004001a8                Reset_Handler
 .text.main     0x00400240       0x74 main.o
                0x00400240                main
 .text.__libc_init_array
                0x004002b4       0x50 c:/program files (x86)/atmel/studio/7.0/toolchain/arm/arm-gnu-toolchain/bin/../lib/gcc/arm-none-eabi/5.3.1/../../../../arm-none-eabi/lib/armv7e-m\libc.a(lib_a-init.o)
                0x004002b4                __libc_init_array
 .text.startup.register_fini
                0x00400304       0x14 c:/program files (x86)/atmel/studio/7.0/toolchain/arm/arm-gnu-toolchain/bin/../lib/gcc/arm-none-eabi/5.3.1/../../../../arm-none-eabi/lib/armv7e-m\libc.a(lib_a-__call_atexit.o)
 .text.atexit   0x00400318        0xc c:/program files (x86)/atmel/studio/7.0/toolchain/arm/arm-gnu-toolchain/bin/../lib/gcc/arm-none-eabi/5.3.1/../../../../arm-none-eabi/lib/armv7e-m\libc.a(lib_a-atexit.o)
                0x00400318                atexit
 .text.__libc_fini_array
                0x00400324       0x28 c:/program files (x86)/atmel/studio/7.0/toolchain/arm/arm-gnu-toolchain/bin/../lib/gcc/arm-none-eabi/5.3.1/../../../../arm-none-eabi/lib/armv7e-m\libc.a(lib_a-fini.o)
                0x00400324                __libc_fini_array
 .text.__register_exitproc
                0x0040034c       0xa4 c:/program files (x86)/atmel/studio/7.0/toolchain/arm/arm-gnu-toolchain/bin/../lib/gcc/arm-none-eabi/5.3.1/../../../../arm-none-eabi/lib/armv7e-m\libc.a(lib_a-__atexit.o)
                0x0040034c                __register_exitproc
 *(.glue_7t)
 .glue_7t       0x004003f0        0x0 linker stubs
 *(.glue_7)
 .glue_7        0x004003f0        0x0 linker stubs
 *(.rodata .rodata* .gnu.linkonce.r.*)
 .rodata.str1.4
                0x004003f0        0x4 c:/program files (x86)/atmel/studio/7.0/toolchain/arm/arm-gnu-toolchain/bin/../lib/gcc/arm-none-eabi/5.3.1/../../../../arm-none-eabi/lib/armv7e-m\libc.a(lib_a-impure.o)
                                  0x2 (size before relaxing)
 .rodata._global_impure_ptr
                0x004003f4        0x4 c:/program files (x86)/atmel/studio/7.0/toolchain/arm/arm-gnu-toolchain/bin/../lib/gcc/arm-none-eabi/5.3.1/../../../../arm-none-eabi/lib/armv7e-m\libc.a(lib_a-impure.o)
                0x004003f4                _global_impure_ptr
 *(.ARM.extab* .gnu.linkonce.armextab.*)
                0x004003f8                . = ALIGN (0x4)
 *(.init)
 .init          0x004003f8        0x4 c:/program files (x86)/atmel/studio/7.0/toolchain/arm/arm-gnu-toolchain/bin/../lib/gcc/arm-none-eabi/5.3.1/armv7e-m/crti.o
                0x004003f8                _init
 .init          0x004003fc        0x8 c:/program files (x86)/atmel/studio/7.0/toolchain/arm/arm-gnu-toolchain/bin/../lib/gcc/arm-none-eabi/5.3.1/armv7e-m/crtn.o
                0x00400404                . = ALIGN (0x4)
                0x00400404                __preinit_array_start = .
 *(.preinit_array)
                0x00400404                __preinit_array_end = .
                0x00400404                . = ALIGN (0x4)
                0x00400404                __init_array_start = .
 *(SORT(.init_array.*))
 .init_array.00000
                0x00400404        0x4 c:/program files (x86)/atmel/studio/7.0/toolchain/arm/arm-gnu-toolchain/bin/../lib/gcc/arm-none-eabi/5.3.1/../../../../arm-none-eabi/lib/armv7e-m\libc.a(lib_a-__call_atexit.o)
 *(.init_array)
 .init_array    0x00400408        0x4 c:/program files (x86)/atmel/studio/7.0/toolchain/arm/arm-gnu-toolchain/bin/../lib/gcc/arm-none-eabi/5.3.1/armv7e-m/crtbegin.o
                0x0040040c                __init_array_end = .
                0x0040040c                . = ALIGN (0x4)
 *crtbegin.o(.ctors)
 *(EXCLUDE_FILE(*crtend.o) .ctors)
 *(SORT(.ctors.*))
 *crtend.o(.ctors)
                0x0040040c                . = ALIGN (0x4)
 *(.fini)
 .fini          0x0040040c        0x4 c:/program files (x86)/atmel/studio/7.0/toolchain/arm/arm-gnu-toolchain/bin/../lib/gcc/arm-none-eabi/5.3.1/armv7e-m/crti.o
                0x0040040c                _fini
 .fini          0x00400410        0x8 c:/program files (x86)/atmel/studio/7.0/toolchain/arm/arm-gnu-toolchain/bin/../lib/gcc/arm-none-eabi/5.3.1/armv7e-m/crtn.o
                0x00400418                . = ALIGN (0x4)
                0x00400418                __fini_array_start = .
 *(.fini_array)
 .fini_array    0x00400418        0x4 c:/program files (x86)/atmel/studio/7.0/toolchain/arm/arm-gnu-toolchain/bin/../lib/gcc/arm-none-eabi/5.3.1/armv7e-m/crtbegin.o
 *(SORT(.fini_array.*))
                0x0040041c                __fini_array_end = .
 *crtbegin.o(.dtors)
 *(EXCLUDE_FILE(*crtend.o) .dtors)
 *(SORT(.dtors.*))
 *crtend.o(.dtors)
                0x0040041c                . = ALIGN (0x4)
                0x0040041c                _efixed = .
                [!provide]                PROVIDE (__exidx_start, .)

.vfp11_veneer   0x0040041c        0x0
 .vfp11_veneer  0x0040041c        0x0 linker stubs

.v4_bx          0x0040041c        0x0
 .v4_bx         0x0040041c        0x0 linker stubs

.iplt           0x0040041c        0x0
 .iplt          0x0040041c        0x0 c:/program files (x86)/atmel/studio/7.0/toolchain/arm/arm-gnu-toolchain/bin/../lib/gcc/arm-none-eabi/5.3.1/armv7e-m/crtbegin.o

.eh_frame       0x0040041c        0x0
 .eh_frame      0x0040041c        0x0 c:/program files (x86)/atmel/studio/7.0/toolchain/arm/arm-gnu-toolchain/bin/../lib/gcc/arm-none-eabi/5.3.1/armv7e-m/crtbegin.o

.rel.dyn        0x0040041c        0x0
 .rel.iplt      0x0040041c        0x0 c:/program files (x86)/atmel/studio/7.0/toolchain/arm/arm-gnu-toolchain/bin/../lib/gcc/arm-none-eabi/5.3.1/armv7e-m/crtbegin.o

.jcr            0x0040041c        0x0
 .jcr           0x0040041c        0x0 c:/program files (x86)/atmel/studio/7.0/toolchain/arm/arm-gnu-toolchain/bin/../lib/gcc/arm-none-eabi/5.3.1/armv7e-m/crtbegin.o

.igot.plt       0x0040041c        0x0
 .igot.plt      0x0040041c        0x0 c:/program files (x86)/atmel/studio/7.0/toolchain/arm/arm-gnu-toolchain/bin/../lib/gcc/arm-none-eabi/5.3.1/armv7e-m/crtbegin.o

.ARM.exidx
 *(.ARM.exidx* .gnu.linkonce.armexidx.*)
                [!provide]                PROVIDE (__exidx_end, .)
                0x0040041c                . = ALIGN (0x4)
                0x0040041c                _etext = .

.relocate       0x20000000      0x428 load address 0x0040041c
                0x20000000                . = ALIGN (0x4)
                0x20000000                _srelocate = .
 *(.ramfunc .ramfunc.*)
 *(.data .data.*)
 .data.impure_data
                0x20000000      0x428 c:/program files (x86)/atmel/studio/7.0/toolchain/arm/arm-gnu-toolchain/bin/../lib/gcc/arm-none-eabi/5.3.1/../../../../arm-none-eabi/lib/armv7e-m\libc.a(lib_a-impure.o)
                0x20000428                . = ALIGN (0x4)
                0x20000428                _erelocate = .

.bss            0x20000428       0x1c load address 0x00400844
                0x20000428                . = ALIGN (0x4)
                0x20000428                _sbss = .
                0x20000428                _szero = .
 *(.bss .bss.*)
 .bss           0x20000428       0x1c c:/program files (x86)/atmel/studio/7.0/toolchain/arm/arm-gnu-toolchain/bin/../lib/gcc/arm-none-eabi/5.3.1/armv7e-m/crtbegin.o
 *(COMMON)
                0x20000444                . = ALIGN (0x4)
                0x20000444                _ebss = .
                0x20000444                _ezero = .

.stack          0x20000444      0x404 load address 0x00400860
                0x20000448                . = ALIGN (0x8)
 *fill*         0x20000444        0x4 
                0x20000448                _sstack = .
                0x20000848                . = (. + STACK_SIZE)
 *fill*         0x20000448      0x400 
                0x20000848                . = ALIGN (0x8)
                0x20000848                _estack = .

.heap           0x20000848      0x200 load address 0x00400c64
                0x20000848                . = ALIGN (0x8)
                0x20000848                _sheap = .
                0x20000a48                . = (. + HEAP_SIZE)
 *fill*         0x20000848      0x200 
                0x20000a48                . = ALIGN (0x8)
                0x20000a48                _eheap = .
                0x20000a48                . = ALIGN (0x4)
                0x20000a48                _end = .
                0x20027fff                _ram_end_ = ((ORIGIN (ram) + LENGTH (ram)) - 0x1)
OUTPUT(G55_Clock_example.elf elf32-littlearm)

.ARM.attributes
                0x00000000       0x2a
 .ARM.attributes
                0x00000000       0x1e c:/program files (x86)/atmel/studio/7.0/toolchain/arm/arm-gnu-toolchain/bin/../lib/gcc/arm-none-eabi/5.3.1/armv7e-m/crti.o
 .ARM.attributes
                0x0000001e       0x2e c:/program files (x86)/atmel/studio/7.0/toolchain/arm/arm-gnu-toolchain/bin/../lib/gcc/arm-none-eabi/5.3.1/armv7e-m/crtbegin.o
 .ARM.attributes
                0x0000004c       0x33 Device_Startup/startup_samg55.o
 .ARM.attributes
                0x0000007f       0x33 main.o
 .ARM.attributes
                0x000000b2       0x2e c:/program files (x86)/atmel/studio/7.0/toolchain/arm/arm-gnu-toolchain/bin/../lib/gcc/arm-none-eabi/5.3.1/../../../../arm-none-eabi/lib/armv7e-m\libc.a(lib_a-impure.o)
 .ARM.attributes
                0x000000e0       0x2e c:/program files (x86)/atmel/studio/7.0/toolchain/arm/arm-gnu-toolchain/bin/../lib/gcc/arm-none-eabi/5.3.1/../../../../arm-none-eabi/lib/armv7e-m\libc.a(lib_a-init.o)
 .ARM.attributes
                0x0000010e       0x2e c:/program files (x86)/atmel/studio/7.0/toolchain/arm/arm-gnu-toolchain/bin/../lib/gcc/arm-none-eabi/5.3.1/../../../../arm-none-eabi/lib/armv7e-m\libc.a(lib_a-__call_atexit.o)
 .ARM.attributes
                0x0000013c       0x2e c:/program files (x86)/atmel/studio/7.0/toolchain/arm/arm-gnu-toolchain/bin/../lib/gcc/arm-none-eabi/5.3.1/../../../../arm-none-eabi/lib/armv7e-m\libc.a(lib_a-atexit.o)
 .ARM.attributes
                0x0000016a       0x2e c:/program files (x86)/atmel/studio/7.0/toolchain/arm/arm-gnu-toolchain/bin/../lib/gcc/arm-none-eabi/5.3.1/../../../../arm-none-eabi/lib/armv7e-m\libc.a(lib_a-fini.o)
 .ARM.attributes
                0x00000198       0x2e c:/program files (x86)/atmel/studio/7.0/toolchain/arm/arm-gnu-toolchain/bin/../lib/gcc/arm-none-eabi/5.3.1/../../../../arm-none-eabi/lib/armv7e-m\libc.a(lib_a-__atexit.o)
 .ARM.attributes
                0x000001c6       0x1e c:/program files (x86)/atmel/studio/7.0/toolchain/arm/arm-gnu-toolchain/bin/../lib/gcc/arm-none-eabi/5.3.1/armv7e-m/crtn.o

.comment        0x00000000       0x59
 .comment       0x00000000       0x59 Device_Startup/startup_samg55.o
                                 0x5a (size before relaxing)
 .comment       0x00000059       0x5a main.o

.debug_info     0x00000000     0x1258
 .debug_info    0x00000000      0x83f Device_Startup/startup_samg55.o
 .debug_info    0x0000083f      0xa19 main.o

.debug_abbrev   0x00000000      0x228
 .debug_abbrev  0x00000000      0x145 Device_Startup/startup_samg55.o
 .debug_abbrev  0x00000145       0xe3 main.o

.debug_loc      0x00000000       0x5e
 .debug_loc     0x00000000       0x5e Device_Startup/startup_samg55.o

.debug_aranges  0x00000000       0x48
 .debug_aranges
                0x00000000       0x28 Device_Startup/startup_samg55.o
 .debug_aranges
                0x00000028       0x20 main.o

.debug_ranges   0x00000000       0x28
 .debug_ranges  0x00000000       0x18 Device_Startup/startup_samg55.o
 .debug_ranges  0x00000018       0x10 main.o

.debug_macro    0x00000000     0xc5da
 .debug_macro   0x00000000      0x3f3 Device_Startup/startup_samg55.o
 .debug_macro   0x000003f3      0x880 Device_Startup/startup_samg55.o
 .debug_macro   0x00000c73       0x22 Device_Startup/startup_samg55.o
 .debug_macro   0x00000c95       0x87 Device_Startup/startup_samg55.o
 .debug_macro   0x00000d1c       0x44 Device_Startup/startup_samg55.o
 .debug_macro   0x00000d60       0xfd Device_Startup/startup_samg55.o
 .debug_macro   0x00000e5d       0x22 Device_Startup/startup_samg55.o
 .debug_macro   0x00000e7f      0x1df Device_Startup/startup_samg55.o
 .debug_macro   0x0000105e       0x27 Device_Startup/startup_samg55.o
 .debug_macro   0x00001085       0x3b Device_Startup/startup_samg55.o
 .debug_macro   0x000010c0       0x2d Device_Startup/startup_samg55.o
 .debug_macro   0x000010ed       0x26 Device_Startup/startup_samg55.o
 .debug_macro   0x00001113      0xd39 Device_Startup/startup_samg55.o
 .debug_macro   0x00001e4c      0x7d0 Device_Startup/startup_samg55.o
 .debug_macro   0x0000261c      0x19c Device_Startup/startup_samg55.o
 .debug_macro   0x000027b8      0x148 Device_Startup/startup_samg55.o
 .debug_macro   0x00002900       0xc4 Device_Startup/startup_samg55.o
 .debug_macro   0x000029c4      0x130 Device_Startup/startup_samg55.o
 .debug_macro   0x00002af4       0x52 Device_Startup/startup_samg55.o
 .debug_macro   0x00002b46       0x1c Device_Startup/startup_samg55.o
 .debug_macro   0x00002b62      0x3be Device_Startup/startup_samg55.o
 .debug_macro   0x00002f20      0x24d Device_Startup/startup_samg55.o
 .debug_macro   0x0000316d      0x158 Device_Startup/startup_samg55.o
 .debug_macro   0x000032c5       0xee Device_Startup/startup_samg55.o
 .debug_macro   0x000033b3      0x207 Device_Startup/startup_samg55.o
 .debug_macro   0x000035ba     0x2880 Device_Startup/startup_samg55.o
 .debug_macro   0x00005e3a      0xb41 Device_Startup/startup_samg55.o
 .debug_macro   0x0000697b       0xb2 Device_Startup/startup_samg55.o
 .debug_macro   0x00006a2d      0x397 Device_Startup/startup_samg55.o
 .debug_macro   0x00006dc4       0xfa Device_Startup/startup_samg55.o
 .debug_macro   0x00006ebe      0x436 Device_Startup/startup_samg55.o
 .debug_macro   0x000072f4      0x7da Device_Startup/startup_samg55.o
 .debug_macro   0x00007ace      0x689 Device_Startup/startup_samg55.o
 .debug_macro   0x00008157      0x64e Device_Startup/startup_samg55.o
 .debug_macro   0x000087a5      0x28b Device_Startup/startup_samg55.o
 .debug_macro   0x00008a30      0x3d3 Device_Startup/startup_samg55.o
 .debug_macro   0x00008e03      0x81e Device_Startup/startup_samg55.o
 .debug_macro   0x00009621       0x7c Device_Startup/startup_samg55.o
 .debug_macro   0x0000969d       0x82 Device_Startup/startup_samg55.o
 .debug_macro   0x0000971f       0x82 Device_Startup/startup_samg55.o
 .debug_macro   0x000097a1       0x1c Device_Startup/startup_samg55.o
 .debug_macro   0x000097bd       0xbe Device_Startup/startup_samg55.o
 .debug_macro   0x0000987b       0x8e Device_Startup/startup_samg55.o
 .debug_macro   0x00009909       0xac Device_Startup/startup_samg55.o
 .debug_macro   0x000099b5       0x1c Device_Startup/startup_samg55.o
 .debug_macro   0x000099d1       0xbe Device_Startup/startup_samg55.o
 .debug_macro   0x00009a8f       0x8e Device_Startup/startup_samg55.o
 .debug_macro   0x00009b1d       0xac Device_Startup/startup_samg55.o
 .debug_macro   0x00009bc9      0x118 Device_Startup/startup_samg55.o
 .debug_macro   0x00009ce1       0xf4 Device_Startup/startup_samg55.o
 .debug_macro   0x00009dd5       0x1c Device_Startup/startup_samg55.o
 .debug_macro   0x00009df1       0xbe Device_Startup/startup_samg55.o
 .debug_macro   0x00009eaf       0x8e Device_Startup/startup_samg55.o
 .debug_macro   0x00009f3d       0xac Device_Startup/startup_samg55.o
 .debug_macro   0x00009fe9       0x1c Device_Startup/startup_samg55.o
 .debug_macro   0x0000a005       0xbe Device_Startup/startup_samg55.o
 .debug_macro   0x0000a0c3       0x8e Device_Startup/startup_samg55.o
 .debug_macro   0x0000a151       0xac Device_Startup/startup_samg55.o
 .debug_macro   0x0000a1fd       0x1c Device_Startup/startup_samg55.o
 .debug_macro   0x0000a219       0xbe Device_Startup/startup_samg55.o
 .debug_macro   0x0000a2d7       0x8e Device_Startup/startup_samg55.o
 .debug_macro   0x0000a365       0xac Device_Startup/startup_samg55.o
 .debug_macro   0x0000a411       0x1c Device_Startup/startup_samg55.o
 .debug_macro   0x0000a42d       0xbe Device_Startup/startup_samg55.o
 .debug_macro   0x0000a4eb       0x8e Device_Startup/startup_samg55.o
 .debug_macro   0x0000a579       0xac Device_Startup/startup_samg55.o
 .debug_macro   0x0000a625       0x6a Device_Startup/startup_samg55.o
 .debug_macro   0x0000a68f       0x70 Device_Startup/startup_samg55.o
 .debug_macro   0x0000a6ff       0x70 Device_Startup/startup_samg55.o
 .debug_macro   0x0000a76f       0x1c Device_Startup/startup_samg55.o
 .debug_macro   0x0000a78b       0xbe Device_Startup/startup_samg55.o
 .debug_macro   0x0000a849       0x8e Device_Startup/startup_samg55.o
 .debug_macro   0x0000a8d7       0xac Device_Startup/startup_samg55.o
 .debug_macro   0x0000a983       0xac Device_Startup/startup_samg55.o
 .debug_macro   0x0000aa2f       0x46 Device_Startup/startup_samg55.o
 .debug_macro   0x0000aa75       0x1c Device_Startup/startup_samg55.o
 .debug_macro   0x0000aa91       0xbe Device_Startup/startup_samg55.o
 .debug_macro   0x0000ab4f       0x8e Device_Startup/startup_samg55.o
 .debug_macro   0x0000abdd       0xac Device_Startup/startup_samg55.o
 .debug_macro   0x0000ac89       0x52 Device_Startup/startup_samg55.o
 .debug_macro   0x0000acdb       0x64 Device_Startup/startup_samg55.o
 .debug_macro   0x0000ad3f       0x8e Device_Startup/startup_samg55.o
 .debug_macro   0x0000adcd       0x52 Device_Startup/startup_samg55.o
 .debug_macro   0x0000ae1f       0xca Device_Startup/startup_samg55.o
 .debug_macro   0x0000aee9       0x16 Device_Startup/startup_samg55.o
 .debug_macro   0x0000aeff       0x28 Device_Startup/startup_samg55.o
 .debug_macro   0x0000af27      0x126 Device_Startup/startup_samg55.o
 .debug_macro   0x0000b04d      0x126 Device_Startup/startup_samg55.o
 .debug_macro   0x0000b173       0x1c Device_Startup/startup_samg55.o
 .debug_macro   0x0000b18f       0x34 Device_Startup/startup_samg55.o
 .debug_macro   0x0000b1c3       0x28 Device_Startup/startup_samg55.o
 .debug_macro   0x0000b1eb       0x1c Device_Startup/startup_samg55.o
 .debug_macro   0x0000b207       0x5e Device_Startup/startup_samg55.o
 .debug_macro   0x0000b265       0x10 Device_Startup/startup_samg55.o
 .debug_macro   0x0000b275      0x353 Device_Startup/startup_samg55.o
 .debug_macro   0x0000b5c8      0xb42 Device_Startup/startup_samg55.o
 .debug_macro   0x0000c10a       0xdd Device_Startup/startup_samg55.o
 .debug_macro   0x0000c1e7      0x3f3 main.o

.debug_line     0x00000000      0xfcf
 .debug_line    0x00000000      0x7f9 Device_Startup/startup_samg55.o
 .debug_line    0x000007f9      0x7d6 main.o

.debug_str      0x00000000    0x3cebc
 .debug_str     0x00000000    0x3c838 Device_Startup/startup_samg55.o
                              0x3c9f5 (size before relaxing)
 .debug_str     0x0003c838      0x684 main.o
                              0x3ca58 (size before relaxing)

.debug_frame    0x00000000      0x15c
 .debug_frame   0x00000000       0x38 Device_Startup/startup_samg55.o
 .debug_frame   0x00000038       0x20 main.o
 .debug_frame   0x00000058       0x2c c:/program files (x86)/atmel/studio/7.0/toolchain/arm/arm-gnu-toolchain/bin/../lib/gcc/arm-none-eabi/5.3.1/../../../../arm-none-eabi/lib/armv7e-m\libc.a(lib_a-init.o)
 .debug_frame   0x00000084       0x50 c:/program files (x86)/atmel/studio/7.0/toolchain/arm/arm-gnu-toolchain/bin/../lib/gcc/arm-none-eabi/5.3.1/../../../../arm-none-eabi/lib/armv7e-m\libc.a(lib_a-__call_atexit.o)
 .debug_frame   0x000000d4       0x20 c:/program files (x86)/atmel/studio/7.0/toolchain/arm/arm-gnu-toolchain/bin/../lib/gcc/arm-none-eabi/5.3.1/../../../../arm-none-eabi/lib/armv7e-m\libc.a(lib_a-atexit.o)
 .debug_frame   0x000000f4       0x34 c:/program files (x86)/atmel/studio/7.0/toolchain/arm/arm-gnu-toolchain/bin/../lib/gcc/arm-none-eabi/5.3.1/../../../../arm-none-eabi/lib/armv7e-m\libc.a(lib_a-fini.o)
 .debug_frame   0x00000128       0x34 c:/program files (x86)/atmel/studio/7.0/toolchain/arm/arm-gnu-toolchain/bin/../lib/gcc/arm-none-eabi/5.3.1/../../../../arm-none-eabi/lib/armv7e-m\libc.a(lib_a-__atexit.o)
